[2026-09-17T13:42:30.854+0000] {local_task_job_runner.py:123} INFO - ::group::Pre task execution logs
[2026-09-17T13:42:30.912+0000] {taskinstance.py:2632} INFO - Dependencies all met for dep_context=non-requeueable deps ti=<TaskInstance: youtube_pipeline_extraction.extract_details manual__2026-09-17T13:42:27.766453+00:00 [queued]>
[2026-09-17T13:42:30.938+0000] {taskinstance.py:2632} INFO - Dependencies all met for dep_context=requeueable deps ti=<TaskInstance: youtube_pipeline_extraction.extract_details manual__2026-09-17T13:42:27.766453+00:00 [queued]>
[2026-09-17T13:42:30.941+0000] {taskinstance.py:2885} INFO - Starting attempt 1 of 1
[2026-09-17T13:42:30.982+0000] {taskinstance.py:2908} INFO - Executing <Task(PythonOperator): extract_details> on 2026-09-17 13:42:27.766453+00:00
[2026-09-17T13:42:31.037+0000] {standard_task_runner.py:104} INFO - Running: ['airflow', 'tasks', 'run', 'youtube_pipeline_extraction', 'extract_details', 'manual__2026-09-17T13:42:27.766453+00:00', '--job-id', '156', '--raw', '--subdir', 'DAGS_FOLDER/youtube_extract_pipeline.py', '--cfg-path', '/tmp/tmpmmd98ro5']
[2026-09-17T13:42:31.016+0000] {standard_task_runner.py:72} INFO - Started process 4559 to run task
[2026-09-17T13:42:31.042+0000] {standard_task_runner.py:105} INFO - Job 156: Subtask extract_details
[2026-09-17T13:42:31.158+0000] {task_command.py:467} INFO - Running <TaskInstance: youtube_pipeline_extraction.extract_details manual__2026-09-17T13:42:27.766453+00:00 [running]> on host 5131746b1558
[2026-09-17T13:42:31.922+0000] {taskinstance.py:3158} INFO - Exporting env vars: AIRFLOW_CTX_DAG_OWNER='airflow' AIRFLOW_CTX_DAG_ID='youtube_pipeline_extraction' AIRFLOW_CTX_TASK_ID='extract_details' AIRFLOW_CTX_EXECUTION_DATE='2026-09-17T13:42:27.766453+00:00' AIRFLOW_CTX_TRY_NUMBER='1' AIRFLOW_CTX_DAG_RUN_ID='manual__2026-09-17T13:42:27.766453+00:00'
[2026-09-17T13:42:31.968+0000] {taskinstance.py:740} INFO - ::endgroup::
[2026-09-17T13:42:41.392+0000] {taskinstance.py:3337} ERROR - Task failed with exception
Traceback (most recent call last):
  File "/home/airflow/.local/lib/python3.10/site-packages/urllib3/connection.py", line 204, in _new_conn
    sock = connection.create_connection(
  File "/home/airflow/.local/lib/python3.10/site-packages/urllib3/util/connection.py", line 60, in create_connection
    for res in socket.getaddrinfo(host, port, family, socket.SOCK_STREAM):
  File "/usr/local/lib/python3.10/socket.py", line 967, in getaddrinfo
    for res in _socket.getaddrinfo(host, port, family, type, proto, flags):
socket.gaierror: [Errno -3] Temporary failure in name resolution

The above exception was the direct cause of the following exception:

Traceback (most recent call last):
  File "/home/airflow/.local/lib/python3.10/site-packages/urllib3/connectionpool.py", line 787, in urlopen
    response = self._make_request(
  File "/home/airflow/.local/lib/python3.10/site-packages/urllib3/connectionpool.py", line 488, in _make_request
    raise new_e
  File "/home/airflow/.local/lib/python3.10/site-packages/urllib3/connectionpool.py", line 464, in _make_request
    self._validate_conn(conn)
  File "/home/airflow/.local/lib/python3.10/site-packages/urllib3/connectionpool.py", line 1093, in _validate_conn
    conn.connect()
  File "/home/airflow/.local/lib/python3.10/site-packages/urllib3/connection.py", line 759, in connect
    self.sock = sock = self._new_conn()
  File "/home/airflow/.local/lib/python3.10/site-packages/urllib3/connection.py", line 211, in _new_conn
    raise NameResolutionError(self.host, self, e) from e
urllib3.exceptions.NameResolutionError: HTTPSConnection(host='www.googleapis.com', port=443): Failed to resolve 'www.googleapis.com' ([Errno -3] Temporary failure in name resolution)

The above exception was the direct cause of the following exception:

Traceback (most recent call last):
  File "/home/airflow/.local/lib/python3.10/site-packages/requests/adapters.py", line 644, in send
    resp = conn.urlopen(
  File "/home/airflow/.local/lib/python3.10/site-packages/urllib3/connectionpool.py", line 841, in urlopen
    retries = retries.increment(
  File "/home/airflow/.local/lib/python3.10/site-packages/urllib3/util/retry.py", line 535, in increment
    raise MaxRetryError(_pool, url, reason) from reason  # type: ignore[arg-type]
urllib3.exceptions.MaxRetryError: HTTPSConnectionPool(host='www.googleapis.com', port=443): Max retries exceeded with url: /youtube/v3/search?q=%40ElGrandeToto&type=channel&key=AIzaSyB7qOPU_pKLIAMew9jyuFRYnyJk1JmHeD0 (Caused by NameResolutionError("HTTPSConnection(host='www.googleapis.com', port=443): Failed to resolve 'www.googleapis.com' ([Errno -3] Temporary failure in name resolution)"))

During handling of the above exception, another exception occurred:

Traceback (most recent call last):
  File "/home/airflow/.local/lib/python3.10/site-packages/airflow/models/taskinstance.py", line 776, in _execute_task
    result = _execute_callable(context=context, **execute_callable_kwargs)
  File "/home/airflow/.local/lib/python3.10/site-packages/airflow/models/taskinstance.py", line 742, in _execute_callable
    return ExecutionCallableRunner(
  File "/home/airflow/.local/lib/python3.10/site-packages/airflow/utils/operator_helpers.py", line 252, in run
    return self.func(*args, **kwargs)
  File "/home/airflow/.local/lib/python3.10/site-packages/airflow/models/baseoperator.py", line 425, in wrapper
    return func(self, *args, **kwargs)
  File "/home/airflow/.local/lib/python3.10/site-packages/airflow/operators/python.py", line 238, in execute
    return_value = self.execute_callable()
  File "/home/airflow/.local/lib/python3.10/site-packages/airflow/operators/python.py", line 256, in execute_callable
    return runner.run(*self.op_args, **self.op_kwargs)
  File "/home/airflow/.local/lib/python3.10/site-packages/airflow/utils/operator_helpers.py", line 252, in run
    return self.func(*args, **kwargs)
  File "/opt/airflow/include/extract/youtube_extract.py", line 73, in extract
    channel_id = get_channel_id("@ElGrandeToto")
  File "/opt/airflow/include/extract/youtube_extract.py", line 18, in get_channel_id
    response = requests.get(f"{BASE_URL}/search", params=params)
  File "/home/airflow/.local/lib/python3.10/site-packages/requests/api.py", line 73, in get
    return request("get", url, params=params, **kwargs)
  File "/home/airflow/.local/lib/python3.10/site-packages/requests/api.py", line 59, in request
    return session.request(method=method, url=url, **kwargs)
  File "/home/airflow/.local/lib/python3.10/site-packages/requests/sessions.py", line 589, in request
    resp = self.send(prep, **send_kwargs)
  File "/home/airflow/.local/lib/python3.10/site-packages/requests/sessions.py", line 703, in send
    r = adapter.send(request, **kwargs)
  File "/home/airflow/.local/lib/python3.10/site-packages/requests/adapters.py", line 677, in send
    raise ConnectionError(e, request=request)
requests.exceptions.ConnectionError: HTTPSConnectionPool(host='www.googleapis.com', port=443): Max retries exceeded with url: /youtube/v3/search?q=%40ElGrandeToto&type=channel&key=AIzaSyB7qOPU_pKLIAMew9jyuFRYnyJk1JmHeD0 (Caused by NameResolutionError("HTTPSConnection(host='www.googleapis.com', port=443): Failed to resolve 'www.googleapis.com' ([Errno -3] Temporary failure in name resolution)"))
[2026-09-17T13:42:41.817+0000] {taskinstance.py:1242} INFO - Marking task as FAILED. dag_id=youtube_pipeline_extraction, task_id=extract_details, run_id=manual__2026-09-17T13:42:27.766453+00:00, execution_date=20260917T134227, start_date=20260917T134230, end_date=20260917T134241
[2026-09-17T13:42:42.088+0000] {taskinstance.py:349} INFO - ::group::Post task execution logs
[2026-09-17T13:42:42.092+0000] {standard_task_runner.py:124} ERROR - Failed to execute job 156 for task extract_details (HTTPSConnectionPool(host='www.googleapis.com', port=443): Max retries exceeded with url: /youtube/v3/search?q=%40ElGrandeToto&type=channel&key=AIzaSyB7qOPU_pKLIAMew9jyuFRYnyJk1JmHeD0 (Caused by NameResolutionError("HTTPSConnection(host='www.googleapis.com', port=443): Failed to resolve 'www.googleapis.com' ([Errno -3] Temporary failure in name resolution)")); 4559)
Traceback (most recent call last):
  File "/home/airflow/.local/lib/python3.10/site-packages/urllib3/connection.py", line 204, in _new_conn
    sock = connection.create_connection(
  File "/home/airflow/.local/lib/python3.10/site-packages/urllib3/util/connection.py", line 60, in create_connection
    for res in socket.getaddrinfo(host, port, family, socket.SOCK_STREAM):
  File "/usr/local/lib/python3.10/socket.py", line 967, in getaddrinfo
    for res in _socket.getaddrinfo(host, port, family, type, proto, flags):
socket.gaierror: [Errno -3] Temporary failure in name resolution

The above exception was the direct cause of the following exception:

Traceback (most recent call last):
  File "/home/airflow/.local/lib/python3.10/site-packages/urllib3/connectionpool.py", line 787, in urlopen
    response = self._make_request(
  File "/home/airflow/.local/lib/python3.10/site-packages/urllib3/connectionpool.py", line 488, in _make_request
    raise new_e
  File "/home/airflow/.local/lib/python3.10/site-packages/urllib3/connectionpool.py", line 464, in _make_request
    self._validate_conn(conn)
  File "/home/airflow/.local/lib/python3.10/site-packages/urllib3/connectionpool.py", line 1093, in _validate_conn
    conn.connect()
  File "/home/airflow/.local/lib/python3.10/site-packages/urllib3/connection.py", line 759, in connect
    self.sock = sock = self._new_conn()
  File "/home/airflow/.local/lib/python3.10/site-packages/urllib3/connection.py", line 211, in _new_conn
    raise NameResolutionError(self.host, self, e) from e
urllib3.exceptions.NameResolutionError: HTTPSConnection(host='www.googleapis.com', port=443): Failed to resolve 'www.googleapis.com' ([Errno -3] Temporary failure in name resolution)

The above exception was the direct cause of the following exception:

Traceback (most recent call last):
  File "/home/airflow/.local/lib/python3.10/site-packages/requests/adapters.py", line 644, in send
    resp = conn.urlopen(
  File "/home/airflow/.local/lib/python3.10/site-packages/urllib3/connectionpool.py", line 841, in urlopen
    retries = retries.increment(
  File "/home/airflow/.local/lib/python3.10/site-packages/urllib3/util/retry.py", line 535, in increment
    raise MaxRetryError(_pool, url, reason) from reason  # type: ignore[arg-type]
urllib3.exceptions.MaxRetryError: HTTPSConnectionPool(host='www.googleapis.com', port=443): Max retries exceeded with url: /youtube/v3/search?q=%40ElGrandeToto&type=channel&key=AIzaSyB7qOPU_pKLIAMew9jyuFRYnyJk1JmHeD0 (Caused by NameResolutionError("HTTPSConnection(host='www.googleapis.com', port=443): Failed to resolve 'www.googleapis.com' ([Errno -3] Temporary failure in name resolution)"))

During handling of the above exception, another exception occurred:

Traceback (most recent call last):
  File "/home/airflow/.local/lib/python3.10/site-packages/airflow/task/task_runner/standard_task_runner.py", line 117, in _start_by_fork
    ret = args.func(args, dag=self.dag)
  File "/home/airflow/.local/lib/python3.10/site-packages/airflow/cli/cli_config.py", line 49, in command
    return func(*args, **kwargs)
  File "/home/airflow/.local/lib/python3.10/site-packages/airflow/utils/cli.py", line 116, in wrapper
    return f(*args, **kwargs)
  File "/home/airflow/.local/lib/python3.10/site-packages/airflow/cli/commands/task_command.py", line 483, in task_run
    task_return_code = _run_task_by_selected_method(args, _dag, ti)
  File "/home/airflow/.local/lib/python3.10/site-packages/airflow/cli/commands/task_command.py", line 256, in _run_task_by_selected_method
    return _run_raw_task(args, ti)
  File "/home/airflow/.local/lib/python3.10/site-packages/airflow/cli/commands/task_command.py", line 341, in _run_raw_task
    return ti._run_raw_task(
  File "/home/airflow/.local/lib/python3.10/site-packages/airflow/utils/session.py", line 97, in wrapper
    return func(*args, session=session, **kwargs)
  File "/home/airflow/.local/lib/python3.10/site-packages/airflow/models/taskinstance.py", line 3030, in _run_raw_task
    return _run_raw_task(
  File "/home/airflow/.local/lib/python3.10/site-packages/airflow/models/taskinstance.py", line 282, in _run_raw_task
    TaskInstance._execute_task_with_callbacks(
  File "/home/airflow/.local/lib/python3.10/site-packages/airflow/models/taskinstance.py", line 3185, in _execute_task_with_callbacks
    result = self._execute_task(context, task_orig)
  File "/home/airflow/.local/lib/python3.10/site-packages/airflow/models/taskinstance.py", line 3209, in _execute_task
    return _execute_task(self, context, task_orig)
  File "/home/airflow/.local/lib/python3.10/site-packages/airflow/models/taskinstance.py", line 776, in _execute_task
    result = _execute_callable(context=context, **execute_callable_kwargs)
  File "/home/airflow/.local/lib/python3.10/site-packages/airflow/models/taskinstance.py", line 742, in _execute_callable
    return ExecutionCallableRunner(
  File "/home/airflow/.local/lib/python3.10/site-packages/airflow/utils/operator_helpers.py", line 252, in run
    return self.func(*args, **kwargs)
  File "/home/airflow/.local/lib/python3.10/site-packages/airflow/models/baseoperator.py", line 425, in wrapper
    return func(self, *args, **kwargs)
  File "/home/airflow/.local/lib/python3.10/site-packages/airflow/operators/python.py", line 238, in execute
    return_value = self.execute_callable()
  File "/home/airflow/.local/lib/python3.10/site-packages/airflow/operators/python.py", line 256, in execute_callable
    return runner.run(*self.op_args, **self.op_kwargs)
  File "/home/airflow/.local/lib/python3.10/site-packages/airflow/utils/operator_helpers.py", line 252, in run
    return self.func(*args, **kwargs)
  File "/opt/airflow/include/extract/youtube_extract.py", line 73, in extract
    channel_id = get_channel_id("@ElGrandeToto")
  File "/opt/airflow/include/extract/youtube_extract.py", line 18, in get_channel_id
    response = requests.get(f"{BASE_URL}/search", params=params)
  File "/home/airflow/.local/lib/python3.10/site-packages/requests/api.py", line 73, in get
    return request("get", url, params=params, **kwargs)
  File "/home/airflow/.local/lib/python3.10/site-packages/requests/api.py", line 59, in request
    return session.request(method=method, url=url, **kwargs)
  File "/home/airflow/.local/lib/python3.10/site-packages/requests/sessions.py", line 589, in request
    resp = self.send(prep, **send_kwargs)
  File "/home/airflow/.local/lib/python3.10/site-packages/requests/sessions.py", line 703, in send
    r = adapter.send(request, **kwargs)
  File "/home/airflow/.local/lib/python3.10/site-packages/requests/adapters.py", line 677, in send
    raise ConnectionError(e, request=request)
requests.exceptions.ConnectionError: HTTPSConnectionPool(host='www.googleapis.com', port=443): Max retries exceeded with url: /youtube/v3/search?q=%40ElGrandeToto&type=channel&key=AIzaSyB7qOPU_pKLIAMew9jyuFRYnyJk1JmHeD0 (Caused by NameResolutionError("HTTPSConnection(host='www.googleapis.com', port=443): Failed to resolve 'www.googleapis.com' ([Errno -3] Temporary failure in name resolution)"))
[2026-09-17T13:42:42.144+0000] {local_task_job_runner.py:266} INFO - Task exited with return code 1
[2026-09-17T13:42:42.242+0000] {taskinstance.py:3925} INFO - 0 downstream tasks scheduled from follow-on schedule check
[2026-09-17T13:42:42.259+0000] {local_task_job_runner.py:245} INFO - ::endgroup::
