[2026-09-17T09:21:25.037+0000] {local_task_job_runner.py:123} INFO - ::group::Pre task execution logs
[2026-09-17T09:21:25.077+0000] {taskinstance.py:2632} INFO - Dependencies all met for dep_context=non-requeueable deps ti=<TaskInstance: youtube_pipeline_extraction.trigger_dw_update scheduled__2026-09-17T08:00:00+00:00 [queued]>
[2026-09-17T09:21:25.095+0000] {taskinstance.py:2632} INFO - Dependencies all met for dep_context=requeueable deps ti=<TaskInstance: youtube_pipeline_extraction.trigger_dw_update scheduled__2026-09-17T08:00:00+00:00 [queued]>
[2026-09-17T09:21:25.099+0000] {taskinstance.py:2885} INFO - Starting attempt 1 of 1
[2026-09-17T09:21:25.118+0000] {taskinstance.py:2908} INFO - Executing <Task(TriggerDagRunOperator): trigger_dw_update> on 2026-09-17 08:00:00+00:00
[2026-09-17T09:21:25.128+0000] {standard_task_runner.py:72} INFO - Started process 1022 to run task
[2026-09-17T09:21:25.134+0000] {standard_task_runner.py:104} INFO - Running: ['airflow', 'tasks', 'run', 'youtube_pipeline_extraction', 'trigger_dw_update', 'scheduled__2026-09-17T08:00:00+00:00', '--job-id', '62', '--raw', '--subdir', 'DAGS_FOLDER/youtube_extract_pipeline.py', '--cfg-path', '/tmp/tmp58b070z8']
[2026-09-17T09:21:25.138+0000] {standard_task_runner.py:105} INFO - Job 62: Subtask trigger_dw_update
[2026-09-17T09:21:25.268+0000] {task_command.py:467} INFO - Running <TaskInstance: youtube_pipeline_extraction.trigger_dw_update scheduled__2026-09-17T08:00:00+00:00 [running]> on host 5131746b1558
[2026-09-17T09:21:25.413+0000] {taskinstance.py:3158} INFO - Exporting env vars: AIRFLOW_CTX_DAG_OWNER='airflow' AIRFLOW_CTX_DAG_ID='youtube_pipeline_extraction' AIRFLOW_CTX_TASK_ID='trigger_dw_update' AIRFLOW_CTX_EXECUTION_DATE='2026-09-17T08:00:00+00:00' AIRFLOW_CTX_TRY_NUMBER='1' AIRFLOW_CTX_DAG_RUN_ID='scheduled__2026-09-17T08:00:00+00:00'
[2026-09-17T09:21:25.417+0000] {taskinstance.py:740} INFO - ::endgroup::
[2026-09-17T09:21:25.462+0000] {taskinstance.py:3337} ERROR - Task failed with exception
Traceback (most recent call last):
  File "/home/airflow/.local/lib/python3.10/site-packages/airflow/models/taskinstance.py", line 776, in _execute_task
    result = _execute_callable(context=context, **execute_callable_kwargs)
  File "/home/airflow/.local/lib/python3.10/site-packages/airflow/models/taskinstance.py", line 742, in _execute_callable
    return ExecutionCallableRunner(
  File "/home/airflow/.local/lib/python3.10/site-packages/airflow/utils/operator_helpers.py", line 252, in run
    return self.func(*args, **kwargs)
  File "/home/airflow/.local/lib/python3.10/site-packages/airflow/models/baseoperator.py", line 425, in wrapper
    return func(self, *args, **kwargs)
  File "/home/airflow/.local/lib/python3.10/site-packages/airflow/operators/trigger_dagrun.py", line 206, in execute
    dag_run = trigger_dag(
  File "/home/airflow/.local/lib/python3.10/site-packages/airflow/api_internal/internal_api_call.py", line 166, in wrapper
    return func(*args, **kwargs)
  File "/home/airflow/.local/lib/python3.10/site-packages/airflow/utils/session.py", line 97, in wrapper
    return func(*args, session=session, **kwargs)
  File "/home/airflow/.local/lib/python3.10/site-packages/airflow/api/common/trigger_dag.py", line 133, in trigger_dag
    raise DagNotFound(f"Dag id {dag_id} not found in DagModel")
airflow.exceptions.DagNotFound: Dag id youtube_warehouse_pipeline not found in DagModel
[2026-09-17T09:21:25.472+0000] {taskinstance.py:1242} INFO - Marking task as FAILED. dag_id=youtube_pipeline_extraction, task_id=trigger_dw_update, run_id=scheduled__2026-09-17T08:00:00+00:00, execution_date=20260917T080000, start_date=20260917T092125, end_date=20260917T092125
[2026-09-17T09:21:25.512+0000] {taskinstance.py:349} INFO - ::group::Post task execution logs
[2026-09-17T09:21:25.515+0000] {standard_task_runner.py:124} ERROR - Failed to execute job 62 for task trigger_dw_update (Dag id youtube_warehouse_pipeline not found in DagModel; 1022)
Traceback (most recent call last):
  File "/home/airflow/.local/lib/python3.10/site-packages/airflow/task/task_runner/standard_task_runner.py", line 117, in _start_by_fork
    ret = args.func(args, dag=self.dag)
  File "/home/airflow/.local/lib/python3.10/site-packages/airflow/cli/cli_config.py", line 49, in command
    return func(*args, **kwargs)
  File "/home/airflow/.local/lib/python3.10/site-packages/airflow/utils/cli.py", line 116, in wrapper
    return f(*args, **kwargs)
  File "/home/airflow/.local/lib/python3.10/site-packages/airflow/cli/commands/task_command.py", line 483, in task_run
    task_return_code = _run_task_by_selected_method(args, _dag, ti)
  File "/home/airflow/.local/lib/python3.10/site-packages/airflow/cli/commands/task_command.py", line 256, in _run_task_by_selected_method
    return _run_raw_task(args, ti)
  File "/home/airflow/.local/lib/python3.10/site-packages/airflow/cli/commands/task_command.py", line 341, in _run_raw_task
    return ti._run_raw_task(
  File "/home/airflow/.local/lib/python3.10/site-packages/airflow/utils/session.py", line 97, in wrapper
    return func(*args, session=session, **kwargs)
  File "/home/airflow/.local/lib/python3.10/site-packages/airflow/models/taskinstance.py", line 3030, in _run_raw_task
    return _run_raw_task(
  File "/home/airflow/.local/lib/python3.10/site-packages/airflow/models/taskinstance.py", line 282, in _run_raw_task
    TaskInstance._execute_task_with_callbacks(
  File "/home/airflow/.local/lib/python3.10/site-packages/airflow/models/taskinstance.py", line 3185, in _execute_task_with_callbacks
    result = self._execute_task(context, task_orig)
  File "/home/airflow/.local/lib/python3.10/site-packages/airflow/models/taskinstance.py", line 3209, in _execute_task
    return _execute_task(self, context, task_orig)
  File "/home/airflow/.local/lib/python3.10/site-packages/airflow/models/taskinstance.py", line 776, in _execute_task
    result = _execute_callable(context=context, **execute_callable_kwargs)
  File "/home/airflow/.local/lib/python3.10/site-packages/airflow/models/taskinstance.py", line 742, in _execute_callable
    return ExecutionCallableRunner(
  File "/home/airflow/.local/lib/python3.10/site-packages/airflow/utils/operator_helpers.py", line 252, in run
    return self.func(*args, **kwargs)
  File "/home/airflow/.local/lib/python3.10/site-packages/airflow/models/baseoperator.py", line 425, in wrapper
    return func(self, *args, **kwargs)
  File "/home/airflow/.local/lib/python3.10/site-packages/airflow/operators/trigger_dagrun.py", line 206, in execute
    dag_run = trigger_dag(
  File "/home/airflow/.local/lib/python3.10/site-packages/airflow/api_internal/internal_api_call.py", line 166, in wrapper
    return func(*args, **kwargs)
  File "/home/airflow/.local/lib/python3.10/site-packages/airflow/utils/session.py", line 97, in wrapper
    return func(*args, session=session, **kwargs)
  File "/home/airflow/.local/lib/python3.10/site-packages/airflow/api/common/trigger_dag.py", line 133, in trigger_dag
    raise DagNotFound(f"Dag id {dag_id} not found in DagModel")
airflow.exceptions.DagNotFound: Dag id youtube_warehouse_pipeline not found in DagModel
[2026-09-17T09:21:25.529+0000] {local_task_job_runner.py:266} INFO - Task exited with return code 1
[2026-09-17T09:21:25.553+0000] {taskinstance.py:3925} INFO - 0 downstream tasks scheduled from follow-on schedule check
[2026-09-17T09:21:25.559+0000] {local_task_job_runner.py:245} INFO - ::endgroup::
[2026-09-17T10:00:12.212+0000] {local_task_job_runner.py:123} INFO - ::group::Pre task execution logs
[2026-09-17T10:00:12.254+0000] {taskinstance.py:2632} INFO - Dependencies all met for dep_context=non-requeueable deps ti=<TaskInstance: youtube_pipeline_extraction.trigger_dw_update scheduled__2026-09-17T08:00:00+00:00 [queued]>
[2026-09-17T10:00:12.279+0000] {taskinstance.py:2632} INFO - Dependencies all met for dep_context=requeueable deps ti=<TaskInstance: youtube_pipeline_extraction.trigger_dw_update scheduled__2026-09-17T08:00:00+00:00 [queued]>
[2026-09-17T10:00:12.282+0000] {taskinstance.py:2885} INFO - Starting attempt 1 of 1
[2026-09-17T10:00:12.303+0000] {taskinstance.py:2908} INFO - Executing <Task(TriggerDagRunOperator): trigger_dw_update> on 2026-09-17 08:00:00+00:00
[2026-09-17T10:00:12.313+0000] {standard_task_runner.py:72} INFO - Started process 1519 to run task
[2026-09-17T10:00:12.319+0000] {standard_task_runner.py:104} INFO - Running: ['airflow', 'tasks', 'run', 'youtube_pipeline_extraction', 'trigger_dw_update', 'scheduled__2026-09-17T08:00:00+00:00', '--job-id', '80', '--raw', '--subdir', 'DAGS_FOLDER/youtube_extract_pipeline.py', '--cfg-path', '/tmp/tmpp9pvz6sp']
[2026-09-17T10:00:12.324+0000] {standard_task_runner.py:105} INFO - Job 80: Subtask trigger_dw_update
[2026-09-17T10:00:12.419+0000] {task_command.py:467} INFO - Running <TaskInstance: youtube_pipeline_extraction.trigger_dw_update scheduled__2026-09-17T08:00:00+00:00 [running]> on host 5131746b1558
[2026-09-17T10:00:12.549+0000] {taskinstance.py:3158} INFO - Exporting env vars: AIRFLOW_CTX_DAG_OWNER='airflow' AIRFLOW_CTX_DAG_ID='youtube_pipeline_extraction' AIRFLOW_CTX_TASK_ID='trigger_dw_update' AIRFLOW_CTX_EXECUTION_DATE='2026-09-17T08:00:00+00:00' AIRFLOW_CTX_TRY_NUMBER='1' AIRFLOW_CTX_DAG_RUN_ID='scheduled__2026-09-17T08:00:00+00:00'
[2026-09-17T10:00:12.554+0000] {taskinstance.py:740} INFO - ::endgroup::
[2026-09-17T10:00:12.757+0000] {taskinstance.py:349} INFO - ::group::Post task execution logs
[2026-09-17T10:00:12.760+0000] {taskinstance.py:361} INFO - Marking task as SUCCESS. dag_id=youtube_pipeline_extraction, task_id=trigger_dw_update, run_id=scheduled__2026-09-17T08:00:00+00:00, execution_date=20260917T080000, start_date=20260917T100012, end_date=20260917T100012
[2026-09-17T10:00:12.818+0000] {local_task_job_runner.py:266} INFO - Task exited with return code 0
[2026-09-17T10:00:12.841+0000] {taskinstance.py:3925} INFO - 0 downstream tasks scheduled from follow-on schedule check
[2026-09-17T10:00:12.848+0000] {local_task_job_runner.py:245} INFO - ::endgroup::
