[2026-09-16T14:51:48.983+0000] {local_task_job_runner.py:123} INFO - ::group::Pre task execution logs
[2026-09-16T14:51:49.036+0000] {taskinstance.py:2632} INFO - Dependencies all met for dep_context=non-requeueable deps ti=<TaskInstance: youtube_pipeline.create manual__2026-09-16T14:51:43.676161+00:00 [queued]>
[2026-09-16T14:51:49.056+0000] {taskinstance.py:2632} INFO - Dependencies all met for dep_context=requeueable deps ti=<TaskInstance: youtube_pipeline.create manual__2026-09-16T14:51:43.676161+00:00 [queued]>
[2026-09-16T14:51:49.060+0000] {taskinstance.py:2885} INFO - Starting attempt 1 of 1
[2026-09-16T14:51:49.087+0000] {taskinstance.py:2908} INFO - Executing <Task(PythonOperator): create> on 2026-09-16 14:51:43.676161+00:00
[2026-09-16T14:51:49.112+0000] {standard_task_runner.py:104} INFO - Running: ['airflow', 'tasks', 'run', 'youtube_pipeline', 'create', 'manual__2026-09-16T14:51:43.676161+00:00', '--job-id', '37', '--raw', '--subdir', 'DAGS_FOLDER/youtube_pipeline.py', '--cfg-path', '/tmp/tmp5mx7_f2e']
[2026-09-16T14:51:49.119+0000] {standard_task_runner.py:105} INFO - Job 37: Subtask create
[2026-09-16T14:51:49.104+0000] {standard_task_runner.py:72} INFO - Started process 3131 to run task
[2026-09-16T14:51:49.309+0000] {task_command.py:467} INFO - Running <TaskInstance: youtube_pipeline.create manual__2026-09-16T14:51:43.676161+00:00 [running]> on host 5131746b1558
[2026-09-16T14:51:49.503+0000] {taskinstance.py:3158} INFO - Exporting env vars: AIRFLOW_CTX_DAG_OWNER='airflow' AIRFLOW_CTX_DAG_ID='youtube_pipeline' AIRFLOW_CTX_TASK_ID='create' AIRFLOW_CTX_EXECUTION_DATE='2026-09-16T14:51:43.676161+00:00' AIRFLOW_CTX_TRY_NUMBER='1' AIRFLOW_CTX_DAG_RUN_ID='manual__2026-09-16T14:51:43.676161+00:00'
[2026-09-16T14:51:49.507+0000] {taskinstance.py:740} INFO - ::endgroup::
[2026-09-16T14:51:49.588+0000] {taskinstance.py:3337} ERROR - Task failed with exception
Traceback (most recent call last):
  File "/home/airflow/.local/lib/python3.10/site-packages/airflow/models/taskinstance.py", line 776, in _execute_task
    result = _execute_callable(context=context, **execute_callable_kwargs)
  File "/home/airflow/.local/lib/python3.10/site-packages/airflow/models/taskinstance.py", line 742, in _execute_callable
    return ExecutionCallableRunner(
  File "/home/airflow/.local/lib/python3.10/site-packages/airflow/utils/operator_helpers.py", line 252, in run
    return self.func(*args, **kwargs)
  File "/home/airflow/.local/lib/python3.10/site-packages/airflow/models/baseoperator.py", line 425, in wrapper
    return func(self, *args, **kwargs)
  File "/home/airflow/.local/lib/python3.10/site-packages/airflow/operators/python.py", line 238, in execute
    return_value = self.execute_callable()
  File "/home/airflow/.local/lib/python3.10/site-packages/airflow/operators/python.py", line 256, in execute_callable
    return runner.run(*self.op_args, **self.op_kwargs)
  File "/home/airflow/.local/lib/python3.10/site-packages/airflow/utils/operator_helpers.py", line 252, in run
    return self.func(*args, **kwargs)
  File "/opt/airflow/include/load/youtube_load.py", line 15, in create_table
    conn = get_connection()
  File "/opt/airflow/include/load/youtube_load.py", line 5, in get_connection
    return psycopg2.connect(
  File "/home/airflow/.local/lib/python3.10/site-packages/psycopg2/__init__.py", line 122, in connect
    conn = _connect(dsn, connection_factory=connection_factory, **kwasync)
psycopg2.OperationalError: connection to server at "***" (172.18.0.3), port 5432 failed: FATAL:  database "test_db" does not exist

[2026-09-16T14:51:49.652+0000] {taskinstance.py:1242} INFO - Marking task as FAILED. dag_id=youtube_pipeline, task_id=create, run_id=manual__2026-09-16T14:51:43.676161+00:00, execution_date=20260916T145143, start_date=20260916T145149, end_date=20260916T145149
[2026-09-16T14:51:49.717+0000] {taskinstance.py:349} INFO - ::group::Post task execution logs
[2026-09-16T14:51:49.721+0000] {standard_task_runner.py:124} ERROR - Failed to execute job 37 for task create (connection to server at "***" (172.18.0.3), port 5432 failed: FATAL:  database "test_db" does not exist
; 3131)
Traceback (most recent call last):
  File "/home/airflow/.local/lib/python3.10/site-packages/airflow/task/task_runner/standard_task_runner.py", line 117, in _start_by_fork
    ret = args.func(args, dag=self.dag)
  File "/home/airflow/.local/lib/python3.10/site-packages/airflow/cli/cli_config.py", line 49, in command
    return func(*args, **kwargs)
  File "/home/airflow/.local/lib/python3.10/site-packages/airflow/utils/cli.py", line 116, in wrapper
    return f(*args, **kwargs)
  File "/home/airflow/.local/lib/python3.10/site-packages/airflow/cli/commands/task_command.py", line 483, in task_run
    task_return_code = _run_task_by_selected_method(args, _dag, ti)
  File "/home/airflow/.local/lib/python3.10/site-packages/airflow/cli/commands/task_command.py", line 256, in _run_task_by_selected_method
    return _run_raw_task(args, ti)
  File "/home/airflow/.local/lib/python3.10/site-packages/airflow/cli/commands/task_command.py", line 341, in _run_raw_task
    return ti._run_raw_task(
  File "/home/airflow/.local/lib/python3.10/site-packages/airflow/utils/session.py", line 97, in wrapper
    return func(*args, session=session, **kwargs)
  File "/home/airflow/.local/lib/python3.10/site-packages/airflow/models/taskinstance.py", line 3030, in _run_raw_task
    return _run_raw_task(
  File "/home/airflow/.local/lib/python3.10/site-packages/airflow/models/taskinstance.py", line 282, in _run_raw_task
    TaskInstance._execute_task_with_callbacks(
  File "/home/airflow/.local/lib/python3.10/site-packages/airflow/models/taskinstance.py", line 3185, in _execute_task_with_callbacks
    result = self._execute_task(context, task_orig)
  File "/home/airflow/.local/lib/python3.10/site-packages/airflow/models/taskinstance.py", line 3209, in _execute_task
    return _execute_task(self, context, task_orig)
  File "/home/airflow/.local/lib/python3.10/site-packages/airflow/models/taskinstance.py", line 776, in _execute_task
    result = _execute_callable(context=context, **execute_callable_kwargs)
  File "/home/airflow/.local/lib/python3.10/site-packages/airflow/models/taskinstance.py", line 742, in _execute_callable
    return ExecutionCallableRunner(
  File "/home/airflow/.local/lib/python3.10/site-packages/airflow/utils/operator_helpers.py", line 252, in run
    return self.func(*args, **kwargs)
  File "/home/airflow/.local/lib/python3.10/site-packages/airflow/models/baseoperator.py", line 425, in wrapper
    return func(self, *args, **kwargs)
  File "/home/airflow/.local/lib/python3.10/site-packages/airflow/operators/python.py", line 238, in execute
    return_value = self.execute_callable()
  File "/home/airflow/.local/lib/python3.10/site-packages/airflow/operators/python.py", line 256, in execute_callable
    return runner.run(*self.op_args, **self.op_kwargs)
  File "/home/airflow/.local/lib/python3.10/site-packages/airflow/utils/operator_helpers.py", line 252, in run
    return self.func(*args, **kwargs)
  File "/opt/airflow/include/load/youtube_load.py", line 15, in create_table
    conn = get_connection()
  File "/opt/airflow/include/load/youtube_load.py", line 5, in get_connection
    return psycopg2.connect(
  File "/home/airflow/.local/lib/python3.10/site-packages/psycopg2/__init__.py", line 122, in connect
    conn = _connect(dsn, connection_factory=connection_factory, **kwasync)
psycopg2.OperationalError: connection to server at "***" (172.18.0.3), port 5432 failed: FATAL:  database "test_db" does not exist

[2026-09-16T14:51:49.765+0000] {local_task_job_runner.py:266} INFO - Task exited with return code 1
[2026-09-16T14:51:49.849+0000] {taskinstance.py:3925} INFO - 0 downstream tasks scheduled from follow-on schedule check
[2026-09-16T14:51:49.860+0000] {local_task_job_runner.py:245} INFO - ::endgroup::
