[2026-09-17T13:14:55.798+0000] {local_task_job_runner.py:123} INFO - ::group::Pre task execution logs
[2026-09-17T13:14:55.840+0000] {taskinstance.py:2632} INFO - Dependencies all met for dep_context=non-requeueable deps ti=<TaskInstance: youtube_warehouse_pipeline.transform_data manual__2026-09-17T13:14:48.053361+00:00 [queued]>
[2026-09-17T13:14:55.861+0000] {taskinstance.py:2632} INFO - Dependencies all met for dep_context=requeueable deps ti=<TaskInstance: youtube_warehouse_pipeline.transform_data manual__2026-09-17T13:14:48.053361+00:00 [queued]>
[2026-09-17T13:14:55.864+0000] {taskinstance.py:2885} INFO - Starting attempt 1 of 1
[2026-09-17T13:14:55.887+0000] {taskinstance.py:2908} INFO - Executing <Task(PythonOperator): transform_data> on 2026-09-17 13:14:48.053361+00:00
[2026-09-17T13:14:55.897+0000] {standard_task_runner.py:72} INFO - Started process 4131 to run task
[2026-09-17T13:14:55.906+0000] {standard_task_runner.py:104} INFO - Running: ['airflow', 'tasks', 'run', 'youtube_warehouse_pipeline', 'transform_data', 'manual__2026-09-17T13:14:48.053361+00:00', '--job-id', '130', '--raw', '--subdir', 'DAGS_FOLDER/youtube_warehouse_pipeline.py', '--cfg-path', '/tmp/tmp2sr40dou']
[2026-09-17T13:14:55.910+0000] {standard_task_runner.py:105} INFO - Job 130: Subtask transform_data
[2026-09-17T13:14:55.991+0000] {task_command.py:467} INFO - Running <TaskInstance: youtube_warehouse_pipeline.transform_data manual__2026-09-17T13:14:48.053361+00:00 [running]> on host 5131746b1558
[2026-09-17T13:14:56.120+0000] {taskinstance.py:3158} INFO - Exporting env vars: AIRFLOW_CTX_DAG_OWNER='airflow' AIRFLOW_CTX_DAG_ID='youtube_warehouse_pipeline' AIRFLOW_CTX_TASK_ID='transform_data' AIRFLOW_CTX_EXECUTION_DATE='2026-09-17T13:14:48.053361+00:00' AIRFLOW_CTX_TRY_NUMBER='1' AIRFLOW_CTX_DAG_RUN_ID='manual__2026-09-17T13:14:48.053361+00:00'
[2026-09-17T13:14:56.125+0000] {taskinstance.py:740} INFO - ::endgroup::
[2026-09-17T13:14:56.142+0000] {taskinstance.py:3337} ERROR - Task failed with exception
Traceback (most recent call last):
  File "/home/airflow/.local/lib/python3.10/site-packages/airflow/models/taskinstance.py", line 776, in _execute_task
    result = _execute_callable(context=context, **execute_callable_kwargs)
  File "/home/airflow/.local/lib/python3.10/site-packages/airflow/models/taskinstance.py", line 742, in _execute_callable
    return ExecutionCallableRunner(
  File "/home/airflow/.local/lib/python3.10/site-packages/airflow/utils/operator_helpers.py", line 252, in run
    return self.func(*args, **kwargs)
  File "/home/airflow/.local/lib/python3.10/site-packages/airflow/models/baseoperator.py", line 425, in wrapper
    return func(self, *args, **kwargs)
  File "/home/airflow/.local/lib/python3.10/site-packages/airflow/operators/python.py", line 238, in execute
    return_value = self.execute_callable()
  File "/home/airflow/.local/lib/python3.10/site-packages/airflow/operators/python.py", line 256, in execute_callable
    return runner.run(*self.op_args, **self.op_kwargs)
  File "/home/airflow/.local/lib/python3.10/site-packages/airflow/utils/operator_helpers.py", line 252, in run
    return self.func(*args, **kwargs)
  File "/opt/airflow/include/transform/youtube_transform.py", line 4, in transform
    new_data = datetime(int(staging_data["snippet"]["publishedAt"][:4]), int(staging_data["snippet"]["publishedAt"][5:7]), int(staging_data["snippet"]["publishedAt"][7:9]))
TypeError: list indices must be integers or slices, not str
[2026-09-17T13:14:56.174+0000] {taskinstance.py:1242} INFO - Marking task as FAILED. dag_id=youtube_warehouse_pipeline, task_id=transform_data, run_id=manual__2026-09-17T13:14:48.053361+00:00, execution_date=20260917T131448, start_date=20260917T131455, end_date=20260917T131456
[2026-09-17T13:14:56.218+0000] {taskinstance.py:349} INFO - ::group::Post task execution logs
[2026-09-17T13:14:56.221+0000] {standard_task_runner.py:124} ERROR - Failed to execute job 130 for task transform_data (list indices must be integers or slices, not str; 4131)
Traceback (most recent call last):
  File "/home/airflow/.local/lib/python3.10/site-packages/airflow/task/task_runner/standard_task_runner.py", line 117, in _start_by_fork
    ret = args.func(args, dag=self.dag)
  File "/home/airflow/.local/lib/python3.10/site-packages/airflow/cli/cli_config.py", line 49, in command
    return func(*args, **kwargs)
  File "/home/airflow/.local/lib/python3.10/site-packages/airflow/utils/cli.py", line 116, in wrapper
    return f(*args, **kwargs)
  File "/home/airflow/.local/lib/python3.10/site-packages/airflow/cli/commands/task_command.py", line 483, in task_run
    task_return_code = _run_task_by_selected_method(args, _dag, ti)
  File "/home/airflow/.local/lib/python3.10/site-packages/airflow/cli/commands/task_command.py", line 256, in _run_task_by_selected_method
    return _run_raw_task(args, ti)
  File "/home/airflow/.local/lib/python3.10/site-packages/airflow/cli/commands/task_command.py", line 341, in _run_raw_task
    return ti._run_raw_task(
  File "/home/airflow/.local/lib/python3.10/site-packages/airflow/utils/session.py", line 97, in wrapper
    return func(*args, session=session, **kwargs)
  File "/home/airflow/.local/lib/python3.10/site-packages/airflow/models/taskinstance.py", line 3030, in _run_raw_task
    return _run_raw_task(
  File "/home/airflow/.local/lib/python3.10/site-packages/airflow/models/taskinstance.py", line 282, in _run_raw_task
    TaskInstance._execute_task_with_callbacks(
  File "/home/airflow/.local/lib/python3.10/site-packages/airflow/models/taskinstance.py", line 3185, in _execute_task_with_callbacks
    result = self._execute_task(context, task_orig)
  File "/home/airflow/.local/lib/python3.10/site-packages/airflow/models/taskinstance.py", line 3209, in _execute_task
    return _execute_task(self, context, task_orig)
  File "/home/airflow/.local/lib/python3.10/site-packages/airflow/models/taskinstance.py", line 776, in _execute_task
    result = _execute_callable(context=context, **execute_callable_kwargs)
  File "/home/airflow/.local/lib/python3.10/site-packages/airflow/models/taskinstance.py", line 742, in _execute_callable
    return ExecutionCallableRunner(
  File "/home/airflow/.local/lib/python3.10/site-packages/airflow/utils/operator_helpers.py", line 252, in run
    return self.func(*args, **kwargs)
  File "/home/airflow/.local/lib/python3.10/site-packages/airflow/models/baseoperator.py", line 425, in wrapper
    return func(self, *args, **kwargs)
  File "/home/airflow/.local/lib/python3.10/site-packages/airflow/operators/python.py", line 238, in execute
    return_value = self.execute_callable()
  File "/home/airflow/.local/lib/python3.10/site-packages/airflow/operators/python.py", line 256, in execute_callable
    return runner.run(*self.op_args, **self.op_kwargs)
  File "/home/airflow/.local/lib/python3.10/site-packages/airflow/utils/operator_helpers.py", line 252, in run
    return self.func(*args, **kwargs)
  File "/opt/airflow/include/transform/youtube_transform.py", line 4, in transform
    new_data = datetime(int(staging_data["snippet"]["publishedAt"][:4]), int(staging_data["snippet"]["publishedAt"][5:7]), int(staging_data["snippet"]["publishedAt"][7:9]))
TypeError: list indices must be integers or slices, not str
[2026-09-17T13:14:56.244+0000] {local_task_job_runner.py:266} INFO - Task exited with return code 1
[2026-09-17T13:14:56.284+0000] {taskinstance.py:3925} INFO - 0 downstream tasks scheduled from follow-on schedule check
[2026-09-17T13:14:56.297+0000] {local_task_job_runner.py:245} INFO - ::endgroup::
