[2026-09-15T11:02:14.620+0000] {processor.py:161} INFO - Started process (PID=557) to work on /opt/airflow/dags/youtube_pipeline.py
[2026-09-15T11:02:14.626+0000] {processor.py:830} INFO - Processing file /opt/airflow/dags/youtube_pipeline.py for tasks to queue
[2026-09-15T11:02:14.719+0000] {logging_mixin.py:188} INFO - [2026-09-15T11:02:14.711+0000] {dagbag.py:545} INFO - Filling up the DagBag from /opt/airflow/dags/youtube_pipeline.py
[2026-09-15T11:02:14.817+0000] {logging_mixin.py:188} INFO - [2026-09-15T11:02:14.805+0000] {dagbag.py:355} ERROR - Failed to import: /opt/airflow/dags/youtube_pipeline.py
Traceback (most recent call last):
  File "/home/airflow/.local/lib/python3.10/site-packages/airflow/models/dagbag.py", line 351, in parse
    loader.exec_module(new_module)
  File "<frozen importlib._bootstrap_external>", line 879, in exec_module
  File "<frozen importlib._bootstrap_external>", line 1017, in get_code
  File "<frozen importlib._bootstrap_external>", line 947, in source_to_code
  File "<frozen importlib._bootstrap>", line 241, in _call_with_frames_removed
  File "/opt/airflow/dags/youtube_pipeline.py", line 4
    with DAG(dag_id="youtube_pipeline", start_date=()) as dag:
                                                              ^
IndentationError: expected an indented block after 'with' statement on line 4
[2026-09-15T11:02:14.824+0000] {processor.py:842} WARNING - No viable dags retrieved from /opt/airflow/dags/youtube_pipeline.py
[2026-09-15T11:02:15.075+0000] {processor.py:183} INFO - Processing /opt/airflow/dags/youtube_pipeline.py took 0.560 seconds
[2026-09-15T11:02:45.473+0000] {processor.py:161} INFO - Started process (PID=564) to work on /opt/airflow/dags/youtube_pipeline.py
[2026-09-15T11:02:45.477+0000] {processor.py:830} INFO - Processing file /opt/airflow/dags/youtube_pipeline.py for tasks to queue
[2026-09-15T11:02:45.482+0000] {logging_mixin.py:188} INFO - [2026-09-15T11:02:45.481+0000] {dagbag.py:545} INFO - Filling up the DagBag from /opt/airflow/dags/youtube_pipeline.py
[2026-09-15T11:02:45.503+0000] {logging_mixin.py:188} INFO - [2026-09-15T11:02:45.502+0000] {dagbag.py:355} ERROR - Failed to import: /opt/airflow/dags/youtube_pipeline.py
Traceback (most recent call last):
  File "/home/airflow/.local/lib/python3.10/site-packages/airflow/models/dagbag.py", line 351, in parse
    loader.exec_module(new_module)
  File "<frozen importlib._bootstrap_external>", line 879, in exec_module
  File "<frozen importlib._bootstrap_external>", line 1017, in get_code
  File "<frozen importlib._bootstrap_external>", line 947, in source_to_code
  File "<frozen importlib._bootstrap>", line 241, in _call_with_frames_removed
  File "/opt/airflow/dags/youtube_pipeline.py", line 4
    with DAG(dag_id="youtube_pipeline", start_date=datetime(2026, 9, 16)) as dag:
                                                                                 ^
IndentationError: expected an indented block after 'with' statement on line 4
[2026-09-15T11:02:45.505+0000] {processor.py:842} WARNING - No viable dags retrieved from /opt/airflow/dags/youtube_pipeline.py
[2026-09-15T11:02:45.534+0000] {processor.py:183} INFO - Processing /opt/airflow/dags/youtube_pipeline.py took 0.068 seconds
[2026-09-15T11:03:15.666+0000] {processor.py:161} INFO - Started process (PID=571) to work on /opt/airflow/dags/youtube_pipeline.py
[2026-09-15T11:03:15.668+0000] {processor.py:830} INFO - Processing file /opt/airflow/dags/youtube_pipeline.py for tasks to queue
[2026-09-15T11:03:15.671+0000] {logging_mixin.py:188} INFO - [2026-09-15T11:03:15.671+0000] {dagbag.py:545} INFO - Filling up the DagBag from /opt/airflow/dags/youtube_pipeline.py
[2026-09-15T11:03:15.692+0000] {logging_mixin.py:188} INFO - [2026-09-15T11:03:15.691+0000] {dagbag.py:355} ERROR - Failed to import: /opt/airflow/dags/youtube_pipeline.py
Traceback (most recent call last):
  File "/home/airflow/.local/lib/python3.10/site-packages/airflow/models/dagbag.py", line 351, in parse
    loader.exec_module(new_module)
  File "<frozen importlib._bootstrap_external>", line 879, in exec_module
  File "<frozen importlib._bootstrap_external>", line 1017, in get_code
  File "<frozen importlib._bootstrap_external>", line 947, in source_to_code
  File "<frozen importlib._bootstrap>", line 241, in _call_with_frames_removed
  File "/opt/airflow/dags/youtube_pipeline.py", line 4
    with DAG(dag_id="youtube_pipeline", start_date=datetime(2026, 9, 16)) as dag:
                                                                                 ^
IndentationError: expected an indented block after 'with' statement on line 4
[2026-09-15T11:03:15.693+0000] {processor.py:842} WARNING - No viable dags retrieved from /opt/airflow/dags/youtube_pipeline.py
[2026-09-15T11:03:15.722+0000] {processor.py:183} INFO - Processing /opt/airflow/dags/youtube_pipeline.py took 0.061 seconds
[2026-09-15T11:03:36.910+0000] {processor.py:161} INFO - Started process (PID=572) to work on /opt/airflow/dags/youtube_pipeline.py
[2026-09-15T11:03:36.912+0000] {processor.py:830} INFO - Processing file /opt/airflow/dags/youtube_pipeline.py for tasks to queue
[2026-09-15T11:03:36.917+0000] {logging_mixin.py:188} INFO - [2026-09-15T11:03:36.916+0000] {dagbag.py:545} INFO - Filling up the DagBag from /opt/airflow/dags/youtube_pipeline.py
[2026-09-15T11:03:36.936+0000] {logging_mixin.py:188} INFO - [2026-09-15T11:03:36.935+0000] {dagbag.py:355} ERROR - Failed to import: /opt/airflow/dags/youtube_pipeline.py
Traceback (most recent call last):
  File "/home/airflow/.local/lib/python3.10/site-packages/airflow/models/dagbag.py", line 351, in parse
    loader.exec_module(new_module)
  File "<frozen importlib._bootstrap_external>", line 879, in exec_module
  File "<frozen importlib._bootstrap_external>", line 1017, in get_code
  File "<frozen importlib._bootstrap_external>", line 947, in source_to_code
  File "<frozen importlib._bootstrap>", line 241, in _call_with_frames_removed
  File "/opt/airflow/dags/youtube_pipeline.py", line 4
    with DAG(dag_id="youtube_pipeline", start_date=datetime(2026, 9, 16), schedule_interval="@dayli") as dag:
                                                                                                             ^
IndentationError: expected an indented block after 'with' statement on line 4
[2026-09-15T11:03:36.937+0000] {processor.py:842} WARNING - No viable dags retrieved from /opt/airflow/dags/youtube_pipeline.py
[2026-09-15T11:03:36.956+0000] {processor.py:183} INFO - Processing /opt/airflow/dags/youtube_pipeline.py took 0.052 seconds
[2026-09-15T11:03:44.994+0000] {processor.py:161} INFO - Started process (PID=579) to work on /opt/airflow/dags/youtube_pipeline.py
[2026-09-15T11:03:45.002+0000] {processor.py:830} INFO - Processing file /opt/airflow/dags/youtube_pipeline.py for tasks to queue
[2026-09-15T11:03:45.019+0000] {logging_mixin.py:188} INFO - [2026-09-15T11:03:45.019+0000] {dagbag.py:545} INFO - Filling up the DagBag from /opt/airflow/dags/youtube_pipeline.py
[2026-09-15T11:03:45.044+0000] {logging_mixin.py:188} INFO - [2026-09-15T11:03:45.043+0000] {dagbag.py:355} ERROR - Failed to import: /opt/airflow/dags/youtube_pipeline.py
Traceback (most recent call last):
  File "/home/airflow/.local/lib/python3.10/site-packages/airflow/models/dagbag.py", line 351, in parse
    loader.exec_module(new_module)
  File "<frozen importlib._bootstrap_external>", line 879, in exec_module
  File "<frozen importlib._bootstrap_external>", line 1017, in get_code
  File "<frozen importlib._bootstrap_external>", line 947, in source_to_code
  File "<frozen importlib._bootstrap>", line 241, in _call_with_frames_removed
  File "/opt/airflow/dags/youtube_pipeline.py", line 4
    with DAG(dag_id="youtube_pipeline", start_date=datetime(2026, 9, 16), schedule_interval="@daily") as dag:
                                                                                                             ^
IndentationError: expected an indented block after 'with' statement on line 4
[2026-09-15T11:03:45.047+0000] {processor.py:842} WARNING - No viable dags retrieved from /opt/airflow/dags/youtube_pipeline.py
[2026-09-15T11:03:45.074+0000] {processor.py:183} INFO - Processing /opt/airflow/dags/youtube_pipeline.py took 0.090 seconds
[2026-09-15T11:03:57.191+0000] {processor.py:161} INFO - Started process (PID=580) to work on /opt/airflow/dags/youtube_pipeline.py
[2026-09-15T11:03:57.193+0000] {processor.py:830} INFO - Processing file /opt/airflow/dags/youtube_pipeline.py for tasks to queue
[2026-09-15T11:03:57.197+0000] {logging_mixin.py:188} INFO - [2026-09-15T11:03:57.197+0000] {dagbag.py:545} INFO - Filling up the DagBag from /opt/airflow/dags/youtube_pipeline.py
[2026-09-15T11:03:57.226+0000] {logging_mixin.py:188} INFO - [2026-09-15T11:03:57.224+0000] {dagbag.py:355} ERROR - Failed to import: /opt/airflow/dags/youtube_pipeline.py
Traceback (most recent call last):
  File "/home/airflow/.local/lib/python3.10/site-packages/airflow/models/dagbag.py", line 351, in parse
    loader.exec_module(new_module)
  File "<frozen importlib._bootstrap_external>", line 879, in exec_module
  File "<frozen importlib._bootstrap_external>", line 1017, in get_code
  File "<frozen importlib._bootstrap_external>", line 947, in source_to_code
  File "<frozen importlib._bootstrap>", line 241, in _call_with_frames_removed
  File "/opt/airflow/dags/youtube_pipeline.py", line 4
    with DAG(dag_id="youtube_pipeline", start_date=datetime(2026, 9, 16), schedule_interval="@daily", catchup=False) as dag:
                                                                                                                            ^
IndentationError: expected an indented block after 'with' statement on line 4
[2026-09-15T11:03:57.227+0000] {processor.py:842} WARNING - No viable dags retrieved from /opt/airflow/dags/youtube_pipeline.py
[2026-09-15T11:03:57.254+0000] {processor.py:183} INFO - Processing /opt/airflow/dags/youtube_pipeline.py took 0.069 seconds
[2026-09-15T11:04:27.457+0000] {processor.py:161} INFO - Started process (PID=587) to work on /opt/airflow/dags/youtube_pipeline.py
[2026-09-15T11:04:27.459+0000] {processor.py:830} INFO - Processing file /opt/airflow/dags/youtube_pipeline.py for tasks to queue
[2026-09-15T11:04:27.462+0000] {logging_mixin.py:188} INFO - [2026-09-15T11:04:27.462+0000] {dagbag.py:545} INFO - Filling up the DagBag from /opt/airflow/dags/youtube_pipeline.py
[2026-09-15T11:04:27.480+0000] {logging_mixin.py:188} INFO - [2026-09-15T11:04:27.479+0000] {dagbag.py:355} ERROR - Failed to import: /opt/airflow/dags/youtube_pipeline.py
Traceback (most recent call last):
  File "/home/airflow/.local/lib/python3.10/site-packages/airflow/models/dagbag.py", line 351, in parse
    loader.exec_module(new_module)
  File "<frozen importlib._bootstrap_external>", line 879, in exec_module
  File "<frozen importlib._bootstrap_external>", line 1017, in get_code
  File "<frozen importlib._bootstrap_external>", line 947, in source_to_code
  File "<frozen importlib._bootstrap>", line 241, in _call_with_frames_removed
  File "/opt/airflow/dags/youtube_pipeline.py", line 4
    with DAG(dag_id="youtube_pipeline", start_date=datetime(2026, 9, 16), schedule_interval="@daily", catchup=False) as dag:
                                                                                                                            ^
IndentationError: expected an indented block after 'with' statement on line 4
[2026-09-15T11:04:27.481+0000] {processor.py:842} WARNING - No viable dags retrieved from /opt/airflow/dags/youtube_pipeline.py
[2026-09-15T11:04:27.503+0000] {processor.py:183} INFO - Processing /opt/airflow/dags/youtube_pipeline.py took 0.051 seconds
[2026-09-15T11:04:57.722+0000] {processor.py:161} INFO - Started process (PID=594) to work on /opt/airflow/dags/youtube_pipeline.py
[2026-09-15T11:04:57.725+0000] {processor.py:830} INFO - Processing file /opt/airflow/dags/youtube_pipeline.py for tasks to queue
[2026-09-15T11:04:57.732+0000] {logging_mixin.py:188} INFO - [2026-09-15T11:04:57.732+0000] {dagbag.py:545} INFO - Filling up the DagBag from /opt/airflow/dags/youtube_pipeline.py
[2026-09-15T11:04:57.775+0000] {logging_mixin.py:188} INFO - [2026-09-15T11:04:57.772+0000] {dagbag.py:355} ERROR - Failed to import: /opt/airflow/dags/youtube_pipeline.py
Traceback (most recent call last):
  File "/home/airflow/.local/lib/python3.10/site-packages/airflow/models/dagbag.py", line 351, in parse
    loader.exec_module(new_module)
  File "<frozen importlib._bootstrap_external>", line 879, in exec_module
  File "<frozen importlib._bootstrap_external>", line 1017, in get_code
  File "<frozen importlib._bootstrap_external>", line 947, in source_to_code
  File "<frozen importlib._bootstrap>", line 241, in _call_with_frames_removed
  File "/opt/airflow/dags/youtube_pipeline.py", line 4
    with DAG(dag_id="youtube_pipeline", start_date=datetime(2026, 9, 16), schedule_interval="@daily", catchup=False) as dag:
                                                                                                                            ^
IndentationError: expected an indented block after 'with' statement on line 4
[2026-09-15T11:04:57.777+0000] {processor.py:842} WARNING - No viable dags retrieved from /opt/airflow/dags/youtube_pipeline.py
[2026-09-15T11:04:57.832+0000] {processor.py:183} INFO - Processing /opt/airflow/dags/youtube_pipeline.py took 0.120 seconds
[2026-09-15T11:05:28.024+0000] {processor.py:161} INFO - Started process (PID=601) to work on /opt/airflow/dags/youtube_pipeline.py
[2026-09-15T11:05:28.027+0000] {processor.py:830} INFO - Processing file /opt/airflow/dags/youtube_pipeline.py for tasks to queue
[2026-09-15T11:05:28.034+0000] {logging_mixin.py:188} INFO - [2026-09-15T11:05:28.034+0000] {dagbag.py:545} INFO - Filling up the DagBag from /opt/airflow/dags/youtube_pipeline.py
[2026-09-15T11:05:28.067+0000] {logging_mixin.py:188} INFO - [2026-09-15T11:05:28.064+0000] {dagbag.py:355} ERROR - Failed to import: /opt/airflow/dags/youtube_pipeline.py
Traceback (most recent call last):
  File "/home/airflow/.local/lib/python3.10/site-packages/airflow/models/dagbag.py", line 351, in parse
    loader.exec_module(new_module)
  File "<frozen importlib._bootstrap_external>", line 879, in exec_module
  File "<frozen importlib._bootstrap_external>", line 1017, in get_code
  File "<frozen importlib._bootstrap_external>", line 947, in source_to_code
  File "<frozen importlib._bootstrap>", line 241, in _call_with_frames_removed
  File "/opt/airflow/dags/youtube_pipeline.py", line 4
    with DAG(dag_id="youtube_pipeline", start_date=datetime(2026, 9, 16), schedule_interval="@daily", catchup=False) as dag:
                                                                                                                            ^
IndentationError: expected an indented block after 'with' statement on line 4
[2026-09-15T11:05:28.068+0000] {processor.py:842} WARNING - No viable dags retrieved from /opt/airflow/dags/youtube_pipeline.py
[2026-09-15T11:05:28.103+0000] {processor.py:183} INFO - Processing /opt/airflow/dags/youtube_pipeline.py took 0.089 seconds
[2026-09-15T11:05:29.117+0000] {processor.py:161} INFO - Started process (PID=602) to work on /opt/airflow/dags/youtube_pipeline.py
[2026-09-15T11:05:29.119+0000] {processor.py:830} INFO - Processing file /opt/airflow/dags/youtube_pipeline.py for tasks to queue
[2026-09-15T11:05:29.123+0000] {logging_mixin.py:188} INFO - [2026-09-15T11:05:29.122+0000] {dagbag.py:545} INFO - Filling up the DagBag from /opt/airflow/dags/youtube_pipeline.py
[2026-09-15T11:05:29.148+0000] {logging_mixin.py:188} INFO - [2026-09-15T11:05:29.147+0000] {dagbag.py:355} ERROR - Failed to import: /opt/airflow/dags/youtube_pipeline.py
Traceback (most recent call last):
  File "/home/airflow/.local/lib/python3.10/site-packages/airflow/models/dagbag.py", line 351, in parse
    loader.exec_module(new_module)
  File "<frozen importlib._bootstrap_external>", line 879, in exec_module
  File "<frozen importlib._bootstrap_external>", line 1017, in get_code
  File "<frozen importlib._bootstrap_external>", line 947, in source_to_code
  File "<frozen importlib._bootstrap>", line 241, in _call_with_frames_removed
  File "/opt/airflow/dags/youtube_pipeline.py", line 3
    from airflow.operators.python
                                 ^
SyntaxError: invalid syntax
[2026-09-15T11:05:29.149+0000] {processor.py:842} WARNING - No viable dags retrieved from /opt/airflow/dags/youtube_pipeline.py
[2026-09-15T11:05:29.178+0000] {processor.py:183} INFO - Processing /opt/airflow/dags/youtube_pipeline.py took 0.067 seconds
[2026-09-15T11:05:32.184+0000] {processor.py:161} INFO - Started process (PID=603) to work on /opt/airflow/dags/youtube_pipeline.py
[2026-09-15T11:05:32.186+0000] {processor.py:830} INFO - Processing file /opt/airflow/dags/youtube_pipeline.py for tasks to queue
[2026-09-15T11:05:32.190+0000] {logging_mixin.py:188} INFO - [2026-09-15T11:05:32.189+0000] {dagbag.py:545} INFO - Filling up the DagBag from /opt/airflow/dags/youtube_pipeline.py
[2026-09-15T11:05:32.207+0000] {logging_mixin.py:188} INFO - [2026-09-15T11:05:32.205+0000] {dagbag.py:355} ERROR - Failed to import: /opt/airflow/dags/youtube_pipeline.py
Traceback (most recent call last):
  File "/home/airflow/.local/lib/python3.10/site-packages/airflow/models/dagbag.py", line 351, in parse
    loader.exec_module(new_module)
  File "<frozen importlib._bootstrap_external>", line 879, in exec_module
  File "<frozen importlib._bootstrap_external>", line 1017, in get_code
  File "<frozen importlib._bootstrap_external>", line 947, in source_to_code
  File "<frozen importlib._bootstrap>", line 241, in _call_with_frames_removed
  File "/opt/airflow/dags/youtube_pipeline.py", line 3
    from airflow.operators.python import
                                        ^
SyntaxError: invalid syntax
[2026-09-15T11:05:32.208+0000] {processor.py:842} WARNING - No viable dags retrieved from /opt/airflow/dags/youtube_pipeline.py
[2026-09-15T11:05:32.232+0000] {processor.py:183} INFO - Processing /opt/airflow/dags/youtube_pipeline.py took 0.054 seconds
[2026-09-15T11:06:02.499+0000] {processor.py:161} INFO - Started process (PID=610) to work on /opt/airflow/dags/youtube_pipeline.py
[2026-09-15T11:06:02.501+0000] {processor.py:830} INFO - Processing file /opt/airflow/dags/youtube_pipeline.py for tasks to queue
[2026-09-15T11:06:02.510+0000] {logging_mixin.py:188} INFO - [2026-09-15T11:06:02.508+0000] {dagbag.py:545} INFO - Filling up the DagBag from /opt/airflow/dags/youtube_pipeline.py
[2026-09-15T11:06:02.541+0000] {logging_mixin.py:188} INFO - [2026-09-15T11:06:02.540+0000] {dagbag.py:355} ERROR - Failed to import: /opt/airflow/dags/youtube_pipeline.py
Traceback (most recent call last):
  File "/home/airflow/.local/lib/python3.10/site-packages/airflow/models/dagbag.py", line 351, in parse
    loader.exec_module(new_module)
  File "<frozen importlib._bootstrap_external>", line 879, in exec_module
  File "<frozen importlib._bootstrap_external>", line 1017, in get_code
  File "<frozen importlib._bootstrap_external>", line 947, in source_to_code
  File "<frozen importlib._bootstrap>", line 241, in _call_with_frames_removed
  File "/opt/airflow/dags/youtube_pipeline.py", line 3
    from airflow.operators.python import
                                        ^
SyntaxError: invalid syntax
[2026-09-15T11:06:02.542+0000] {processor.py:842} WARNING - No viable dags retrieved from /opt/airflow/dags/youtube_pipeline.py
[2026-09-15T11:06:02.587+0000] {processor.py:183} INFO - Processing /opt/airflow/dags/youtube_pipeline.py took 0.116 seconds
[2026-09-15T11:06:32.701+0000] {processor.py:161} INFO - Started process (PID=617) to work on /opt/airflow/dags/youtube_pipeline.py
[2026-09-15T11:06:32.702+0000] {processor.py:830} INFO - Processing file /opt/airflow/dags/youtube_pipeline.py for tasks to queue
[2026-09-15T11:06:32.706+0000] {logging_mixin.py:188} INFO - [2026-09-15T11:06:32.706+0000] {dagbag.py:545} INFO - Filling up the DagBag from /opt/airflow/dags/youtube_pipeline.py
[2026-09-15T11:06:32.729+0000] {logging_mixin.py:188} INFO - [2026-09-15T11:06:32.729+0000] {dagbag.py:355} ERROR - Failed to import: /opt/airflow/dags/youtube_pipeline.py
Traceback (most recent call last):
  File "/home/airflow/.local/lib/python3.10/site-packages/airflow/models/dagbag.py", line 351, in parse
    loader.exec_module(new_module)
  File "<frozen importlib._bootstrap_external>", line 879, in exec_module
  File "<frozen importlib._bootstrap_external>", line 1017, in get_code
  File "<frozen importlib._bootstrap_external>", line 947, in source_to_code
  File "<frozen importlib._bootstrap>", line 241, in _call_with_frames_removed
  File "/opt/airflow/dags/youtube_pipeline.py", line 3
    from airflow.operators.python import
                                        ^
SyntaxError: invalid syntax
[2026-09-15T11:06:32.731+0000] {processor.py:842} WARNING - No viable dags retrieved from /opt/airflow/dags/youtube_pipeline.py
[2026-09-15T11:06:32.760+0000] {processor.py:183} INFO - Processing /opt/airflow/dags/youtube_pipeline.py took 0.065 seconds
[2026-09-15T11:06:47.823+0000] {processor.py:161} INFO - Started process (PID=624) to work on /opt/airflow/dags/youtube_pipeline.py
[2026-09-15T11:06:47.826+0000] {processor.py:830} INFO - Processing file /opt/airflow/dags/youtube_pipeline.py for tasks to queue
[2026-09-15T11:06:47.830+0000] {logging_mixin.py:188} INFO - [2026-09-15T11:06:47.829+0000] {dagbag.py:545} INFO - Filling up the DagBag from /opt/airflow/dags/youtube_pipeline.py
[2026-09-15T11:06:47.863+0000] {logging_mixin.py:188} INFO - [2026-09-15T11:06:47.861+0000] {dagbag.py:355} ERROR - Failed to import: /opt/airflow/dags/youtube_pipeline.py
Traceback (most recent call last):
  File "/home/airflow/.local/lib/python3.10/site-packages/airflow/models/dagbag.py", line 351, in parse
    loader.exec_module(new_module)
  File "<frozen importlib._bootstrap_external>", line 879, in exec_module
  File "<frozen importlib._bootstrap_external>", line 1017, in get_code
  File "<frozen importlib._bootstrap_external>", line 947, in source_to_code
  File "<frozen importlib._bootstrap>", line 241, in _call_with_frames_removed
  File "/opt/airflow/dags/youtube_pipeline.py", line 3
    from airflow.operators import
                                 ^
SyntaxError: invalid syntax
[2026-09-15T11:06:47.864+0000] {processor.py:842} WARNING - No viable dags retrieved from /opt/airflow/dags/youtube_pipeline.py
[2026-09-15T11:06:47.897+0000] {processor.py:183} INFO - Processing /opt/airflow/dags/youtube_pipeline.py took 0.086 seconds
[2026-09-15T11:06:53.942+0000] {processor.py:161} INFO - Started process (PID=625) to work on /opt/airflow/dags/youtube_pipeline.py
[2026-09-15T11:06:53.945+0000] {processor.py:830} INFO - Processing file /opt/airflow/dags/youtube_pipeline.py for tasks to queue
[2026-09-15T11:06:53.949+0000] {logging_mixin.py:188} INFO - [2026-09-15T11:06:53.949+0000] {dagbag.py:545} INFO - Filling up the DagBag from /opt/airflow/dags/youtube_pipeline.py
[2026-09-15T11:06:53.970+0000] {logging_mixin.py:188} INFO - [2026-09-15T11:06:53.968+0000] {dagbag.py:355} ERROR - Failed to import: /opt/airflow/dags/youtube_pipeline.py
Traceback (most recent call last):
  File "/home/airflow/.local/lib/python3.10/site-packages/airflow/models/dagbag.py", line 351, in parse
    loader.exec_module(new_module)
  File "<frozen importlib._bootstrap_external>", line 879, in exec_module
  File "<frozen importlib._bootstrap_external>", line 1017, in get_code
  File "<frozen importlib._bootstrap_external>", line 947, in source_to_code
  File "<frozen importlib._bootstrap>", line 241, in _call_with_frames_removed
  File "/opt/airflow/dags/youtube_pipeline.py", line 5
    extract =
             ^
SyntaxError: invalid syntax
[2026-09-15T11:06:53.971+0000] {processor.py:842} WARNING - No viable dags retrieved from /opt/airflow/dags/youtube_pipeline.py
[2026-09-15T11:06:53.990+0000] {processor.py:183} INFO - Processing /opt/airflow/dags/youtube_pipeline.py took 0.054 seconds
[2026-09-15T11:07:24.247+0000] {processor.py:161} INFO - Started process (PID=632) to work on /opt/airflow/dags/youtube_pipeline.py
[2026-09-15T11:07:24.249+0000] {processor.py:830} INFO - Processing file /opt/airflow/dags/youtube_pipeline.py for tasks to queue
[2026-09-15T11:07:24.254+0000] {logging_mixin.py:188} INFO - [2026-09-15T11:07:24.253+0000] {dagbag.py:545} INFO - Filling up the DagBag from /opt/airflow/dags/youtube_pipeline.py
[2026-09-15T11:07:24.276+0000] {logging_mixin.py:188} INFO - [2026-09-15T11:07:24.275+0000] {dagbag.py:355} ERROR - Failed to import: /opt/airflow/dags/youtube_pipeline.py
Traceback (most recent call last):
  File "/home/airflow/.local/lib/python3.10/site-packages/airflow/models/dagbag.py", line 351, in parse
    loader.exec_module(new_module)
  File "<frozen importlib._bootstrap_external>", line 879, in exec_module
  File "<frozen importlib._bootstrap_external>", line 1017, in get_code
  File "<frozen importlib._bootstrap_external>", line 947, in source_to_code
  File "<frozen importlib._bootstrap>", line 241, in _call_with_frames_removed
  File "/opt/airflow/dags/youtube_pipeline.py", line 5
    extract =
             ^
SyntaxError: invalid syntax
[2026-09-15T11:07:24.277+0000] {processor.py:842} WARNING - No viable dags retrieved from /opt/airflow/dags/youtube_pipeline.py
[2026-09-15T11:07:24.310+0000] {processor.py:183} INFO - Processing /opt/airflow/dags/youtube_pipeline.py took 0.067 seconds
[2026-09-15T11:07:40.387+0000] {processor.py:161} INFO - Started process (PID=633) to work on /opt/airflow/dags/youtube_pipeline.py
[2026-09-15T11:07:40.390+0000] {processor.py:830} INFO - Processing file /opt/airflow/dags/youtube_pipeline.py for tasks to queue
[2026-09-15T11:07:40.393+0000] {logging_mixin.py:188} INFO - [2026-09-15T11:07:40.392+0000] {dagbag.py:545} INFO - Filling up the DagBag from /opt/airflow/dags/youtube_pipeline.py
[2026-09-15T11:07:40.420+0000] {logging_mixin.py:188} INFO - [2026-09-15T11:07:40.419+0000] {dagbag.py:355} ERROR - Failed to import: /opt/airflow/dags/youtube_pipeline.py
Traceback (most recent call last):
  File "/home/airflow/.local/lib/python3.10/site-packages/airflow/models/dagbag.py", line 351, in parse
    loader.exec_module(new_module)
  File "<frozen importlib._bootstrap_external>", line 879, in exec_module
  File "<frozen importlib._bootstrap_external>", line 1017, in get_code
  File "<frozen importlib._bootstrap_external>", line 947, in source_to_code
  File "<frozen importlib._bootstrap>", line 241, in _call_with_frames_removed
  File "/opt/airflow/dags/youtube_pipeline.py", line 5
    extract =
             ^
SyntaxError: invalid syntax
[2026-09-15T11:07:40.422+0000] {processor.py:842} WARNING - No viable dags retrieved from /opt/airflow/dags/youtube_pipeline.py
[2026-09-15T11:07:40.452+0000] {processor.py:183} INFO - Processing /opt/airflow/dags/youtube_pipeline.py took 0.071 seconds
[2026-09-15T11:08:11.018+0000] {processor.py:161} INFO - Started process (PID=640) to work on /opt/airflow/dags/youtube_pipeline.py
[2026-09-15T11:08:11.023+0000] {processor.py:830} INFO - Processing file /opt/airflow/dags/youtube_pipeline.py for tasks to queue
[2026-09-15T11:08:11.028+0000] {logging_mixin.py:188} INFO - [2026-09-15T11:08:11.027+0000] {dagbag.py:545} INFO - Filling up the DagBag from /opt/airflow/dags/youtube_pipeline.py
[2026-09-15T11:08:11.059+0000] {logging_mixin.py:188} INFO - [2026-09-15T11:08:11.058+0000] {dagbag.py:355} ERROR - Failed to import: /opt/airflow/dags/youtube_pipeline.py
Traceback (most recent call last):
  File "/home/airflow/.local/lib/python3.10/site-packages/airflow/models/dagbag.py", line 351, in parse
    loader.exec_module(new_module)
  File "<frozen importlib._bootstrap_external>", line 879, in exec_module
  File "<frozen importlib._bootstrap_external>", line 1017, in get_code
  File "<frozen importlib._bootstrap_external>", line 947, in source_to_code
  File "<frozen importlib._bootstrap>", line 241, in _call_with_frames_removed
  File "/opt/airflow/dags/youtube_pipeline.py", line 5
    extract =
             ^
SyntaxError: invalid syntax
[2026-09-15T11:08:11.061+0000] {processor.py:842} WARNING - No viable dags retrieved from /opt/airflow/dags/youtube_pipeline.py
[2026-09-15T11:08:11.083+0000] {processor.py:183} INFO - Processing /opt/airflow/dags/youtube_pipeline.py took 0.081 seconds
[2026-09-15T11:08:19.061+0000] {processor.py:161} INFO - Started process (PID=647) to work on /opt/airflow/dags/youtube_pipeline.py
[2026-09-15T11:08:19.063+0000] {processor.py:830} INFO - Processing file /opt/airflow/dags/youtube_pipeline.py for tasks to queue
[2026-09-15T11:08:19.066+0000] {logging_mixin.py:188} INFO - [2026-09-15T11:08:19.066+0000] {dagbag.py:545} INFO - Filling up the DagBag from /opt/airflow/dags/youtube_pipeline.py
[2026-09-15T11:08:19.090+0000] {logging_mixin.py:188} INFO - [2026-09-15T11:08:19.089+0000] {dagbag.py:355} ERROR - Failed to import: /opt/airflow/dags/youtube_pipeline.py
Traceback (most recent call last):
  File "/home/airflow/.local/lib/python3.10/site-packages/airflow/models/dagbag.py", line 351, in parse
    loader.exec_module(new_module)
  File "<frozen importlib._bootstrap_external>", line 879, in exec_module
  File "<frozen importlib._bootstrap_external>", line 1017, in get_code
  File "<frozen importlib._bootstrap_external>", line 947, in source_to_code
  File "<frozen importlib._bootstrap>", line 241, in _call_with_frames_removed
  File "/opt/airflow/dags/youtube_pipeline.py", line 5
    extract =
             ^
SyntaxError: invalid syntax
[2026-09-15T11:08:19.091+0000] {processor.py:842} WARNING - No viable dags retrieved from /opt/airflow/dags/youtube_pipeline.py
[2026-09-15T11:08:19.112+0000] {processor.py:183} INFO - Processing /opt/airflow/dags/youtube_pipeline.py took 0.058 seconds
[2026-09-15T11:08:24.114+0000] {processor.py:161} INFO - Started process (PID=648) to work on /opt/airflow/dags/youtube_pipeline.py
[2026-09-15T11:08:24.116+0000] {processor.py:830} INFO - Processing file /opt/airflow/dags/youtube_pipeline.py for tasks to queue
[2026-09-15T11:08:24.119+0000] {logging_mixin.py:188} INFO - [2026-09-15T11:08:24.119+0000] {dagbag.py:545} INFO - Filling up the DagBag from /opt/airflow/dags/youtube_pipeline.py
[2026-09-15T11:08:24.141+0000] {logging_mixin.py:188} INFO - [2026-09-15T11:08:24.140+0000] {dagbag.py:355} ERROR - Failed to import: /opt/airflow/dags/youtube_pipeline.py
Traceback (most recent call last):
  File "/home/airflow/.local/lib/python3.10/site-packages/airflow/models/dagbag.py", line 351, in parse
    loader.exec_module(new_module)
  File "<frozen importlib._bootstrap_external>", line 879, in exec_module
  File "<frozen importlib._bootstrap_external>", line 1017, in get_code
  File "<frozen importlib._bootstrap_external>", line 947, in source_to_code
  File "<frozen importlib._bootstrap>", line 241, in _call_with_frames_removed
  File "/opt/airflow/dags/youtube_pipeline.py", line 5
    extract =
             ^
SyntaxError: invalid syntax
[2026-09-15T11:08:24.142+0000] {processor.py:842} WARNING - No viable dags retrieved from /opt/airflow/dags/youtube_pipeline.py
[2026-09-15T11:08:24.199+0000] {processor.py:183} INFO - Processing /opt/airflow/dags/youtube_pipeline.py took 0.092 seconds
[2026-09-15T11:08:54.411+0000] {processor.py:161} INFO - Started process (PID=655) to work on /opt/airflow/dags/youtube_pipeline.py
[2026-09-15T11:08:54.413+0000] {processor.py:830} INFO - Processing file /opt/airflow/dags/youtube_pipeline.py for tasks to queue
[2026-09-15T11:08:54.416+0000] {logging_mixin.py:188} INFO - [2026-09-15T11:08:54.415+0000] {dagbag.py:545} INFO - Filling up the DagBag from /opt/airflow/dags/youtube_pipeline.py
[2026-09-15T11:08:54.435+0000] {logging_mixin.py:188} INFO - [2026-09-15T11:08:54.435+0000] {dagbag.py:355} ERROR - Failed to import: /opt/airflow/dags/youtube_pipeline.py
Traceback (most recent call last):
  File "/home/airflow/.local/lib/python3.10/site-packages/airflow/models/dagbag.py", line 351, in parse
    loader.exec_module(new_module)
  File "<frozen importlib._bootstrap_external>", line 879, in exec_module
  File "<frozen importlib._bootstrap_external>", line 1017, in get_code
  File "<frozen importlib._bootstrap_external>", line 947, in source_to_code
  File "<frozen importlib._bootstrap>", line 241, in _call_with_frames_removed
  File "/opt/airflow/dags/youtube_pipeline.py", line 5
    extract =
             ^
SyntaxError: invalid syntax
[2026-09-15T11:08:54.436+0000] {processor.py:842} WARNING - No viable dags retrieved from /opt/airflow/dags/youtube_pipeline.py
[2026-09-15T11:08:54.457+0000] {processor.py:183} INFO - Processing /opt/airflow/dags/youtube_pipeline.py took 0.051 seconds
[2026-09-15T11:09:24.633+0000] {processor.py:161} INFO - Started process (PID=662) to work on /opt/airflow/dags/youtube_pipeline.py
[2026-09-15T11:09:24.635+0000] {processor.py:830} INFO - Processing file /opt/airflow/dags/youtube_pipeline.py for tasks to queue
[2026-09-15T11:09:24.639+0000] {logging_mixin.py:188} INFO - [2026-09-15T11:09:24.638+0000] {dagbag.py:545} INFO - Filling up the DagBag from /opt/airflow/dags/youtube_pipeline.py
[2026-09-15T11:09:24.670+0000] {logging_mixin.py:188} INFO - [2026-09-15T11:09:24.664+0000] {dagbag.py:355} ERROR - Failed to import: /opt/airflow/dags/youtube_pipeline.py
Traceback (most recent call last):
  File "/home/airflow/.local/lib/python3.10/site-packages/airflow/models/dagbag.py", line 351, in parse
    loader.exec_module(new_module)
  File "<frozen importlib._bootstrap_external>", line 879, in exec_module
  File "<frozen importlib._bootstrap_external>", line 1017, in get_code
  File "<frozen importlib._bootstrap_external>", line 947, in source_to_code
  File "<frozen importlib._bootstrap>", line 241, in _call_with_frames_removed
  File "/opt/airflow/dags/youtube_pipeline.py", line 5
    extract =
             ^
SyntaxError: invalid syntax
[2026-09-15T11:09:24.672+0000] {processor.py:842} WARNING - No viable dags retrieved from /opt/airflow/dags/youtube_pipeline.py
[2026-09-15T11:09:24.698+0000] {processor.py:183} INFO - Processing /opt/airflow/dags/youtube_pipeline.py took 0.071 seconds
[2026-09-15T11:09:54.871+0000] {processor.py:161} INFO - Started process (PID=670) to work on /opt/airflow/dags/youtube_pipeline.py
[2026-09-15T11:09:54.873+0000] {processor.py:830} INFO - Processing file /opt/airflow/dags/youtube_pipeline.py for tasks to queue
[2026-09-15T11:09:54.877+0000] {logging_mixin.py:188} INFO - [2026-09-15T11:09:54.876+0000] {dagbag.py:545} INFO - Filling up the DagBag from /opt/airflow/dags/youtube_pipeline.py
[2026-09-15T11:09:54.897+0000] {logging_mixin.py:188} INFO - [2026-09-15T11:09:54.896+0000] {dagbag.py:355} ERROR - Failed to import: /opt/airflow/dags/youtube_pipeline.py
Traceback (most recent call last):
  File "/home/airflow/.local/lib/python3.10/site-packages/airflow/models/dagbag.py", line 351, in parse
    loader.exec_module(new_module)
  File "<frozen importlib._bootstrap_external>", line 879, in exec_module
  File "<frozen importlib._bootstrap_external>", line 1017, in get_code
  File "<frozen importlib._bootstrap_external>", line 947, in source_to_code
  File "<frozen importlib._bootstrap>", line 241, in _call_with_frames_removed
  File "/opt/airflow/dags/youtube_pipeline.py", line 5
    extract =
             ^
SyntaxError: invalid syntax
[2026-09-15T11:09:54.898+0000] {processor.py:842} WARNING - No viable dags retrieved from /opt/airflow/dags/youtube_pipeline.py
[2026-09-15T11:09:54.915+0000] {processor.py:183} INFO - Processing /opt/airflow/dags/youtube_pipeline.py took 0.050 seconds
[2026-09-15T11:10:25.119+0000] {processor.py:161} INFO - Started process (PID=677) to work on /opt/airflow/dags/youtube_pipeline.py
[2026-09-15T11:10:25.120+0000] {processor.py:830} INFO - Processing file /opt/airflow/dags/youtube_pipeline.py for tasks to queue
[2026-09-15T11:10:25.123+0000] {logging_mixin.py:188} INFO - [2026-09-15T11:10:25.123+0000] {dagbag.py:545} INFO - Filling up the DagBag from /opt/airflow/dags/youtube_pipeline.py
[2026-09-15T11:10:25.136+0000] {logging_mixin.py:188} INFO - [2026-09-15T11:10:25.135+0000] {dagbag.py:355} ERROR - Failed to import: /opt/airflow/dags/youtube_pipeline.py
Traceback (most recent call last):
  File "/home/airflow/.local/lib/python3.10/site-packages/airflow/models/dagbag.py", line 351, in parse
    loader.exec_module(new_module)
  File "<frozen importlib._bootstrap_external>", line 879, in exec_module
  File "<frozen importlib._bootstrap_external>", line 1017, in get_code
  File "<frozen importlib._bootstrap_external>", line 947, in source_to_code
  File "<frozen importlib._bootstrap>", line 241, in _call_with_frames_removed
  File "/opt/airflow/dags/youtube_pipeline.py", line 5
    extract =
             ^
SyntaxError: invalid syntax
[2026-09-15T11:10:25.137+0000] {processor.py:842} WARNING - No viable dags retrieved from /opt/airflow/dags/youtube_pipeline.py
[2026-09-15T11:10:25.156+0000] {processor.py:183} INFO - Processing /opt/airflow/dags/youtube_pipeline.py took 0.042 seconds
[2026-09-15T11:10:55.396+0000] {processor.py:161} INFO - Started process (PID=684) to work on /opt/airflow/dags/youtube_pipeline.py
[2026-09-15T11:10:55.398+0000] {processor.py:830} INFO - Processing file /opt/airflow/dags/youtube_pipeline.py for tasks to queue
[2026-09-15T11:10:55.417+0000] {logging_mixin.py:188} INFO - [2026-09-15T11:10:55.415+0000] {dagbag.py:545} INFO - Filling up the DagBag from /opt/airflow/dags/youtube_pipeline.py
[2026-09-15T11:10:55.445+0000] {logging_mixin.py:188} INFO - [2026-09-15T11:10:55.444+0000] {dagbag.py:355} ERROR - Failed to import: /opt/airflow/dags/youtube_pipeline.py
Traceback (most recent call last):
  File "/home/airflow/.local/lib/python3.10/site-packages/airflow/models/dagbag.py", line 351, in parse
    loader.exec_module(new_module)
  File "<frozen importlib._bootstrap_external>", line 879, in exec_module
  File "<frozen importlib._bootstrap_external>", line 1017, in get_code
  File "<frozen importlib._bootstrap_external>", line 947, in source_to_code
  File "<frozen importlib._bootstrap>", line 241, in _call_with_frames_removed
  File "/opt/airflow/dags/youtube_pipeline.py", line 5
    extract =
             ^
SyntaxError: invalid syntax
[2026-09-15T11:10:55.447+0000] {processor.py:842} WARNING - No viable dags retrieved from /opt/airflow/dags/youtube_pipeline.py
[2026-09-15T11:10:55.476+0000] {processor.py:183} INFO - Processing /opt/airflow/dags/youtube_pipeline.py took 0.112 seconds
[2026-09-15T11:11:25.805+0000] {processor.py:161} INFO - Started process (PID=691) to work on /opt/airflow/dags/youtube_pipeline.py
[2026-09-15T11:11:25.813+0000] {processor.py:830} INFO - Processing file /opt/airflow/dags/youtube_pipeline.py for tasks to queue
[2026-09-15T11:11:25.825+0000] {logging_mixin.py:188} INFO - [2026-09-15T11:11:25.823+0000] {dagbag.py:545} INFO - Filling up the DagBag from /opt/airflow/dags/youtube_pipeline.py
[2026-09-15T11:11:25.900+0000] {logging_mixin.py:188} INFO - [2026-09-15T11:11:25.897+0000] {dagbag.py:355} ERROR - Failed to import: /opt/airflow/dags/youtube_pipeline.py
Traceback (most recent call last):
  File "/home/airflow/.local/lib/python3.10/site-packages/airflow/models/dagbag.py", line 351, in parse
    loader.exec_module(new_module)
  File "<frozen importlib._bootstrap_external>", line 879, in exec_module
  File "<frozen importlib._bootstrap_external>", line 1017, in get_code
  File "<frozen importlib._bootstrap_external>", line 947, in source_to_code
  File "<frozen importlib._bootstrap>", line 241, in _call_with_frames_removed
  File "/opt/airflow/dags/youtube_pipeline.py", line 5
    extract =
             ^
SyntaxError: invalid syntax
[2026-09-15T11:11:25.903+0000] {processor.py:842} WARNING - No viable dags retrieved from /opt/airflow/dags/youtube_pipeline.py
[2026-09-15T11:11:26.198+0000] {processor.py:183} INFO - Processing /opt/airflow/dags/youtube_pipeline.py took 0.425 seconds
[2026-09-15T11:11:57.094+0000] {processor.py:161} INFO - Started process (PID=697) to work on /opt/airflow/dags/youtube_pipeline.py
[2026-09-15T11:11:57.098+0000] {processor.py:830} INFO - Processing file /opt/airflow/dags/youtube_pipeline.py for tasks to queue
[2026-09-15T11:11:57.114+0000] {logging_mixin.py:188} INFO - [2026-09-15T11:11:57.113+0000] {dagbag.py:545} INFO - Filling up the DagBag from /opt/airflow/dags/youtube_pipeline.py
[2026-09-15T11:11:57.246+0000] {logging_mixin.py:188} INFO - [2026-09-15T11:11:57.245+0000] {dagbag.py:355} ERROR - Failed to import: /opt/airflow/dags/youtube_pipeline.py
Traceback (most recent call last):
  File "/home/airflow/.local/lib/python3.10/site-packages/airflow/models/dagbag.py", line 351, in parse
    loader.exec_module(new_module)
  File "<frozen importlib._bootstrap_external>", line 879, in exec_module
  File "<frozen importlib._bootstrap_external>", line 1017, in get_code
  File "<frozen importlib._bootstrap_external>", line 947, in source_to_code
  File "<frozen importlib._bootstrap>", line 241, in _call_with_frames_removed
  File "/opt/airflow/dags/youtube_pipeline.py", line 5
    extract =
             ^
SyntaxError: invalid syntax
[2026-09-15T11:11:57.249+0000] {processor.py:842} WARNING - No viable dags retrieved from /opt/airflow/dags/youtube_pipeline.py
[2026-09-15T11:11:57.509+0000] {processor.py:183} INFO - Processing /opt/airflow/dags/youtube_pipeline.py took 0.454 seconds
[2026-09-15T11:12:28.200+0000] {processor.py:161} INFO - Started process (PID=704) to work on /opt/airflow/dags/youtube_pipeline.py
[2026-09-15T11:12:28.206+0000] {processor.py:830} INFO - Processing file /opt/airflow/dags/youtube_pipeline.py for tasks to queue
[2026-09-15T11:12:28.249+0000] {logging_mixin.py:188} INFO - [2026-09-15T11:12:28.248+0000] {dagbag.py:545} INFO - Filling up the DagBag from /opt/airflow/dags/youtube_pipeline.py
[2026-09-15T11:12:28.309+0000] {logging_mixin.py:188} INFO - [2026-09-15T11:12:28.308+0000] {dagbag.py:355} ERROR - Failed to import: /opt/airflow/dags/youtube_pipeline.py
Traceback (most recent call last):
  File "/home/airflow/.local/lib/python3.10/site-packages/airflow/models/dagbag.py", line 351, in parse
    loader.exec_module(new_module)
  File "<frozen importlib._bootstrap_external>", line 879, in exec_module
  File "<frozen importlib._bootstrap_external>", line 1017, in get_code
  File "<frozen importlib._bootstrap_external>", line 947, in source_to_code
  File "<frozen importlib._bootstrap>", line 241, in _call_with_frames_removed
  File "/opt/airflow/dags/youtube_pipeline.py", line 5
    extract =
             ^
SyntaxError: invalid syntax
[2026-09-15T11:12:28.313+0000] {processor.py:842} WARNING - No viable dags retrieved from /opt/airflow/dags/youtube_pipeline.py
[2026-09-15T11:12:28.380+0000] {processor.py:183} INFO - Processing /opt/airflow/dags/youtube_pipeline.py took 0.208 seconds
[2026-09-15T11:12:58.995+0000] {processor.py:161} INFO - Started process (PID=711) to work on /opt/airflow/dags/youtube_pipeline.py
[2026-09-15T11:12:59.037+0000] {processor.py:830} INFO - Processing file /opt/airflow/dags/youtube_pipeline.py for tasks to queue
[2026-09-15T11:12:59.084+0000] {logging_mixin.py:188} INFO - [2026-09-15T11:12:59.083+0000] {dagbag.py:545} INFO - Filling up the DagBag from /opt/airflow/dags/youtube_pipeline.py
[2026-09-15T11:12:59.167+0000] {logging_mixin.py:188} INFO - [2026-09-15T11:12:59.163+0000] {dagbag.py:355} ERROR - Failed to import: /opt/airflow/dags/youtube_pipeline.py
Traceback (most recent call last):
  File "/home/airflow/.local/lib/python3.10/site-packages/airflow/models/dagbag.py", line 351, in parse
    loader.exec_module(new_module)
  File "<frozen importlib._bootstrap_external>", line 879, in exec_module
  File "<frozen importlib._bootstrap_external>", line 1017, in get_code
  File "<frozen importlib._bootstrap_external>", line 947, in source_to_code
  File "<frozen importlib._bootstrap>", line 241, in _call_with_frames_removed
  File "/opt/airflow/dags/youtube_pipeline.py", line 5
    extract =
             ^
SyntaxError: invalid syntax
[2026-09-15T11:12:59.170+0000] {processor.py:842} WARNING - No viable dags retrieved from /opt/airflow/dags/youtube_pipeline.py
[2026-09-15T11:12:59.299+0000] {processor.py:183} INFO - Processing /opt/airflow/dags/youtube_pipeline.py took 0.437 seconds
[2026-09-15T11:13:30.002+0000] {processor.py:161} INFO - Started process (PID=718) to work on /opt/airflow/dags/youtube_pipeline.py
[2026-09-15T11:13:30.005+0000] {processor.py:830} INFO - Processing file /opt/airflow/dags/youtube_pipeline.py for tasks to queue
[2026-09-15T11:13:30.013+0000] {logging_mixin.py:188} INFO - [2026-09-15T11:13:30.012+0000] {dagbag.py:545} INFO - Filling up the DagBag from /opt/airflow/dags/youtube_pipeline.py
[2026-09-15T11:13:30.046+0000] {logging_mixin.py:188} INFO - [2026-09-15T11:13:30.044+0000] {dagbag.py:355} ERROR - Failed to import: /opt/airflow/dags/youtube_pipeline.py
Traceback (most recent call last):
  File "/home/airflow/.local/lib/python3.10/site-packages/airflow/models/dagbag.py", line 351, in parse
    loader.exec_module(new_module)
  File "<frozen importlib._bootstrap_external>", line 879, in exec_module
  File "<frozen importlib._bootstrap_external>", line 1017, in get_code
  File "<frozen importlib._bootstrap_external>", line 947, in source_to_code
  File "<frozen importlib._bootstrap>", line 241, in _call_with_frames_removed
  File "/opt/airflow/dags/youtube_pipeline.py", line 5
    extract =
             ^
SyntaxError: invalid syntax
[2026-09-15T11:13:30.048+0000] {processor.py:842} WARNING - No viable dags retrieved from /opt/airflow/dags/youtube_pipeline.py
[2026-09-15T11:13:30.122+0000] {processor.py:183} INFO - Processing /opt/airflow/dags/youtube_pipeline.py took 0.132 seconds
[2026-09-15T11:14:00.208+0000] {processor.py:161} INFO - Started process (PID=725) to work on /opt/airflow/dags/youtube_pipeline.py
[2026-09-15T11:14:00.209+0000] {processor.py:830} INFO - Processing file /opt/airflow/dags/youtube_pipeline.py for tasks to queue
[2026-09-15T11:14:00.234+0000] {logging_mixin.py:188} INFO - [2026-09-15T11:14:00.233+0000] {dagbag.py:545} INFO - Filling up the DagBag from /opt/airflow/dags/youtube_pipeline.py
[2026-09-15T11:14:00.294+0000] {logging_mixin.py:188} INFO - [2026-09-15T11:14:00.293+0000] {dagbag.py:355} ERROR - Failed to import: /opt/airflow/dags/youtube_pipeline.py
Traceback (most recent call last):
  File "/home/airflow/.local/lib/python3.10/site-packages/airflow/models/dagbag.py", line 351, in parse
    loader.exec_module(new_module)
  File "<frozen importlib._bootstrap_external>", line 879, in exec_module
  File "<frozen importlib._bootstrap_external>", line 1017, in get_code
  File "<frozen importlib._bootstrap_external>", line 947, in source_to_code
  File "<frozen importlib._bootstrap>", line 241, in _call_with_frames_removed
  File "/opt/airflow/dags/youtube_pipeline.py", line 5
    extract =
             ^
SyntaxError: invalid syntax
[2026-09-15T11:14:00.296+0000] {processor.py:842} WARNING - No viable dags retrieved from /opt/airflow/dags/youtube_pipeline.py
[2026-09-15T11:14:00.460+0000] {processor.py:183} INFO - Processing /opt/airflow/dags/youtube_pipeline.py took 0.258 seconds
[2026-09-15T11:14:30.623+0000] {processor.py:161} INFO - Started process (PID=732) to work on /opt/airflow/dags/youtube_pipeline.py
[2026-09-15T11:14:30.625+0000] {processor.py:830} INFO - Processing file /opt/airflow/dags/youtube_pipeline.py for tasks to queue
[2026-09-15T11:14:30.629+0000] {logging_mixin.py:188} INFO - [2026-09-15T11:14:30.628+0000] {dagbag.py:545} INFO - Filling up the DagBag from /opt/airflow/dags/youtube_pipeline.py
[2026-09-15T11:14:30.654+0000] {logging_mixin.py:188} INFO - [2026-09-15T11:14:30.653+0000] {dagbag.py:355} ERROR - Failed to import: /opt/airflow/dags/youtube_pipeline.py
Traceback (most recent call last):
  File "/home/airflow/.local/lib/python3.10/site-packages/airflow/models/dagbag.py", line 351, in parse
    loader.exec_module(new_module)
  File "<frozen importlib._bootstrap_external>", line 879, in exec_module
  File "<frozen importlib._bootstrap_external>", line 1017, in get_code
  File "<frozen importlib._bootstrap_external>", line 947, in source_to_code
  File "<frozen importlib._bootstrap>", line 241, in _call_with_frames_removed
  File "/opt/airflow/dags/youtube_pipeline.py", line 5
    extract =
             ^
SyntaxError: invalid syntax
[2026-09-15T11:14:30.655+0000] {processor.py:842} WARNING - No viable dags retrieved from /opt/airflow/dags/youtube_pipeline.py
[2026-09-15T11:14:30.684+0000] {processor.py:183} INFO - Processing /opt/airflow/dags/youtube_pipeline.py took 0.066 seconds
[2026-09-15T11:15:00.874+0000] {processor.py:161} INFO - Started process (PID=739) to work on /opt/airflow/dags/youtube_pipeline.py
[2026-09-15T11:15:00.876+0000] {processor.py:830} INFO - Processing file /opt/airflow/dags/youtube_pipeline.py for tasks to queue
[2026-09-15T11:15:00.879+0000] {logging_mixin.py:188} INFO - [2026-09-15T11:15:00.879+0000] {dagbag.py:545} INFO - Filling up the DagBag from /opt/airflow/dags/youtube_pipeline.py
[2026-09-15T11:15:00.901+0000] {logging_mixin.py:188} INFO - [2026-09-15T11:15:00.900+0000] {dagbag.py:355} ERROR - Failed to import: /opt/airflow/dags/youtube_pipeline.py
Traceback (most recent call last):
  File "/home/airflow/.local/lib/python3.10/site-packages/airflow/models/dagbag.py", line 351, in parse
    loader.exec_module(new_module)
  File "<frozen importlib._bootstrap_external>", line 879, in exec_module
  File "<frozen importlib._bootstrap_external>", line 1017, in get_code
  File "<frozen importlib._bootstrap_external>", line 947, in source_to_code
  File "<frozen importlib._bootstrap>", line 241, in _call_with_frames_removed
  File "/opt/airflow/dags/youtube_pipeline.py", line 5
    extract =
             ^
SyntaxError: invalid syntax
[2026-09-15T11:15:00.902+0000] {processor.py:842} WARNING - No viable dags retrieved from /opt/airflow/dags/youtube_pipeline.py
[2026-09-15T11:15:00.919+0000] {processor.py:183} INFO - Processing /opt/airflow/dags/youtube_pipeline.py took 0.050 seconds
[2026-09-15T11:15:19.028+0000] {processor.py:161} INFO - Started process (PID=746) to work on /opt/airflow/dags/youtube_pipeline.py
[2026-09-15T11:15:19.031+0000] {processor.py:830} INFO - Processing file /opt/airflow/dags/youtube_pipeline.py for tasks to queue
[2026-09-15T11:15:19.036+0000] {logging_mixin.py:188} INFO - [2026-09-15T11:15:19.036+0000] {dagbag.py:545} INFO - Filling up the DagBag from /opt/airflow/dags/youtube_pipeline.py
[2026-09-15T11:15:19.062+0000] {logging_mixin.py:188} INFO - [2026-09-15T11:15:19.061+0000] {dagbag.py:355} ERROR - Failed to import: /opt/airflow/dags/youtube_pipeline.py
Traceback (most recent call last):
  File "/home/airflow/.local/lib/python3.10/site-packages/airflow/models/dagbag.py", line 351, in parse
    loader.exec_module(new_module)
  File "<frozen importlib._bootstrap_external>", line 879, in exec_module
  File "<frozen importlib._bootstrap_external>", line 1017, in get_code
  File "<frozen importlib._bootstrap_external>", line 947, in source_to_code
  File "<frozen importlib._bootstrap>", line 241, in _call_with_frames_removed
  File "/opt/airflow/dags/youtube_pipeline.py", line 3
    from airflow.operators. import PythonOperator
                            ^^^^^^
SyntaxError: invalid syntax
[2026-09-15T11:15:19.063+0000] {processor.py:842} WARNING - No viable dags retrieved from /opt/airflow/dags/youtube_pipeline.py
[2026-09-15T11:15:19.100+0000] {processor.py:183} INFO - Processing /opt/airflow/dags/youtube_pipeline.py took 0.085 seconds
[2026-09-15T11:15:25.153+0000] {processor.py:161} INFO - Started process (PID=747) to work on /opt/airflow/dags/youtube_pipeline.py
[2026-09-15T11:15:25.156+0000] {processor.py:830} INFO - Processing file /opt/airflow/dags/youtube_pipeline.py for tasks to queue
[2026-09-15T11:15:25.159+0000] {logging_mixin.py:188} INFO - [2026-09-15T11:15:25.159+0000] {dagbag.py:545} INFO - Filling up the DagBag from /opt/airflow/dags/youtube_pipeline.py
[2026-09-15T11:15:25.185+0000] {logging_mixin.py:188} INFO - [2026-09-15T11:15:25.183+0000] {dagbag.py:355} ERROR - Failed to import: /opt/airflow/dags/youtube_pipeline.py
Traceback (most recent call last):
  File "/home/airflow/.local/lib/python3.10/site-packages/airflow/models/dagbag.py", line 351, in parse
    loader.exec_module(new_module)
  File "<frozen importlib._bootstrap_external>", line 879, in exec_module
  File "<frozen importlib._bootstrap_external>", line 1017, in get_code
  File "<frozen importlib._bootstrap_external>", line 947, in source_to_code
  File "<frozen importlib._bootstrap>", line 241, in _call_with_frames_removed
  File "/opt/airflow/dags/youtube_pipeline.py", line 5
    extract =
             ^
SyntaxError: invalid syntax
[2026-09-15T11:15:25.187+0000] {processor.py:842} WARNING - No viable dags retrieved from /opt/airflow/dags/youtube_pipeline.py
[2026-09-15T11:15:25.221+0000] {processor.py:183} INFO - Processing /opt/airflow/dags/youtube_pipeline.py took 0.077 seconds
[2026-09-15T11:15:28.222+0000] {processor.py:161} INFO - Started process (PID=748) to work on /opt/airflow/dags/youtube_pipeline.py
[2026-09-15T11:15:28.224+0000] {processor.py:830} INFO - Processing file /opt/airflow/dags/youtube_pipeline.py for tasks to queue
[2026-09-15T11:15:28.228+0000] {logging_mixin.py:188} INFO - [2026-09-15T11:15:28.228+0000] {dagbag.py:545} INFO - Filling up the DagBag from /opt/airflow/dags/youtube_pipeline.py
[2026-09-15T11:15:28.255+0000] {logging_mixin.py:188} INFO - [2026-09-15T11:15:28.254+0000] {dagbag.py:355} ERROR - Failed to import: /opt/airflow/dags/youtube_pipeline.py
Traceback (most recent call last):
  File "/home/airflow/.local/lib/python3.10/site-packages/airflow/models/dagbag.py", line 351, in parse
    loader.exec_module(new_module)
  File "<frozen importlib._bootstrap_external>", line 879, in exec_module
  File "<frozen importlib._bootstrap_external>", line 1017, in get_code
  File "<frozen importlib._bootstrap_external>", line 947, in source_to_code
  File "<frozen importlib._bootstrap>", line 241, in _call_with_frames_removed
  File "/opt/airflow/dags/youtube_pipeline.py", line 5
    extract =
             ^
SyntaxError: invalid syntax
[2026-09-15T11:15:28.257+0000] {processor.py:842} WARNING - No viable dags retrieved from /opt/airflow/dags/youtube_pipeline.py
[2026-09-15T11:15:28.287+0000] {processor.py:183} INFO - Processing /opt/airflow/dags/youtube_pipeline.py took 0.072 seconds
