[2026-09-14T15:46:16.747+0000] {manager.py:470} INFO - Processing files using up to 2 processes at a time 
[2026-09-14T15:46:16.759+0000] {manager.py:471} INFO - Process each file at most once every 30 seconds
[2026-09-14T15:46:16.764+0000] {manager.py:472} INFO - Checking for new files in /opt/airflow/dags every 300 seconds
[2026-09-14T15:46:16.770+0000] {manager.py:737} INFO - Searching for files in /opt/airflow/dags
[2026-09-14T15:46:16.806+0000] {manager.py:740} INFO - There are 0 files in /opt/airflow/dags
[2026-09-14T15:51:17.476+0000] {manager.py:737} INFO - Searching for files in /opt/airflow/dags
[2026-09-14T15:51:17.556+0000] {manager.py:740} INFO - There are 0 files in /opt/airflow/dags
[2026-09-14T15:56:18.058+0000] {manager.py:737} INFO - Searching for files in /opt/airflow/dags
[2026-09-14T15:56:18.077+0000] {manager.py:740} INFO - There are 0 files in /opt/airflow/dags
[2026-09-14T16:01:18.620+0000] {manager.py:737} INFO - Searching for files in /opt/airflow/dags
[2026-09-14T16:01:18.646+0000] {manager.py:740} INFO - There are 0 files in /opt/airflow/dags
[2026-09-14T16:06:19.108+0000] {manager.py:737} INFO - Searching for files in /opt/airflow/dags
[2026-09-14T16:06:19.130+0000] {manager.py:740} INFO - There are 0 files in /opt/airflow/dags
[2026-09-14T16:11:19.417+0000] {manager.py:737} INFO - Searching for files in /opt/airflow/dags
[2026-09-14T16:11:19.431+0000] {manager.py:740} INFO - There are 0 files in /opt/airflow/dags
[2026-09-14T16:16:19.887+0000] {manager.py:737} INFO - Searching for files in /opt/airflow/dags
[2026-09-14T16:16:19.895+0000] {manager.py:740} INFO - There are 0 files in /opt/airflow/dags
[2026-09-14T16:21:20.189+0000] {manager.py:737} INFO - Searching for files in /opt/airflow/dags
[2026-09-14T16:21:20.201+0000] {manager.py:740} INFO - There are 0 files in /opt/airflow/dags
[2026-09-14T16:26:20.466+0000] {manager.py:737} INFO - Searching for files in /opt/airflow/dags
[2026-09-14T16:26:20.493+0000] {manager.py:740} INFO - There are 0 files in /opt/airflow/dags
[2026-09-15T10:22:10.393+0000] {manager.py:470} INFO - Processing files using up to 2 processes at a time 
[2026-09-15T10:22:10.660+0000] {manager.py:471} INFO - Process each file at most once every 30 seconds
[2026-09-15T10:22:10.663+0000] {manager.py:472} INFO - Checking for new files in /opt/airflow/dags every 300 seconds
[2026-09-15T10:22:10.666+0000] {manager.py:737} INFO - Searching for files in /opt/airflow/dags
[2026-09-15T10:22:10.683+0000] {manager.py:740} INFO - There are 0 files in /opt/airflow/dags
[2026-09-15T10:27:10.687+0000] {manager.py:737} INFO - Searching for files in /opt/airflow/dags
[2026-09-15T10:27:10.771+0000] {manager.py:740} INFO - There are 0 files in /opt/airflow/dags
[2026-09-15T10:32:11.174+0000] {manager.py:737} INFO - Searching for files in /opt/airflow/dags
[2026-09-15T10:32:11.198+0000] {manager.py:740} INFO - There are 0 files in /opt/airflow/dags
[2026-09-15T10:37:11.604+0000] {manager.py:737} INFO - Searching for files in /opt/airflow/dags
[2026-09-15T10:37:11.643+0000] {manager.py:740} INFO - There are 0 files in /opt/airflow/dags
[2026-09-15T10:42:11.933+0000] {manager.py:737} INFO - Searching for files in /opt/airflow/dags
[2026-09-15T10:42:11.991+0000] {manager.py:740} INFO - There are 0 files in /opt/airflow/dags
[2026-09-15T10:47:12.346+0000] {manager.py:737} INFO - Searching for files in /opt/airflow/dags
[2026-09-15T10:47:12.386+0000] {manager.py:740} INFO - There are 0 files in /opt/airflow/dags
[2026-09-15T10:52:12.622+0000] {manager.py:737} INFO - Searching for files in /opt/airflow/dags
[2026-09-15T10:52:12.658+0000] {manager.py:740} INFO - There are 0 files in /opt/airflow/dags
[2026-09-15T10:57:13.063+0000] {manager.py:737} INFO - Searching for files in /opt/airflow/dags
[2026-09-15T10:57:13.094+0000] {manager.py:740} INFO - There are 0 files in /opt/airflow/dags
[2026-09-15T11:02:13.842+0000] {manager.py:737} INFO - Searching for files in /opt/airflow/dags
[2026-09-15T11:02:13.920+0000] {manager.py:740} INFO - There are 1 files in /opt/airflow/dags
[2026-09-15T11:02:23.258+0000] {manager.py:878} INFO - 
================================================================================
DAG File Processing Stats

File Path                              PID    Runtime      # DAGs    # Errors  Last Runtime    Last Run
-------------------------------------  -----  ---------  --------  ----------  --------------  -------------------
/opt/airflow/dags/youtube_pipeline.py                           0           1  0.92s           2026-09-15T11:02:15
================================================================================
[2026-09-15T11:02:53.496+0000] {manager.py:878} INFO - 
================================================================================
DAG File Processing Stats

File Path                              PID    Runtime      # DAGs    # Errors  Last Runtime    Last Run
-------------------------------------  -----  ---------  --------  ----------  --------------  -------------------
/opt/airflow/dags/youtube_pipeline.py                           0           1  0.11s           2026-09-15T11:02:45
================================================================================
[2026-09-15T11:03:23.782+0000] {manager.py:878} INFO - 
================================================================================
DAG File Processing Stats

File Path                              PID    Runtime      # DAGs    # Errors  Last Runtime    Last Run
-------------------------------------  -----  ---------  --------  ----------  --------------  -------------------
/opt/airflow/dags/youtube_pipeline.py                           0           1  0.09s           2026-09-15T11:03:15
================================================================================
[2026-09-15T11:03:54.098+0000] {manager.py:878} INFO - 
================================================================================
DAG File Processing Stats

File Path                              PID    Runtime      # DAGs    # Errors  Last Runtime    Last Run
-------------------------------------  -----  ---------  --------  ----------  --------------  -------------------
/opt/airflow/dags/youtube_pipeline.py                           0           1  0.13s           2026-09-15T11:03:45
================================================================================
[2026-09-15T11:04:24.391+0000] {manager.py:878} INFO - 
================================================================================
DAG File Processing Stats

File Path                              PID    Runtime      # DAGs    # Errors  Last Runtime    Last Run
-------------------------------------  -----  ---------  --------  ----------  --------------  -------------------
/opt/airflow/dags/youtube_pipeline.py                           0           1  0.12s           2026-09-15T11:03:57
================================================================================
[2026-09-15T11:04:54.646+0000] {manager.py:878} INFO - 
================================================================================
DAG File Processing Stats

File Path                              PID    Runtime      # DAGs    # Errors  Last Runtime    Last Run
-------------------------------------  -----  ---------  --------  ----------  --------------  -------------------
/opt/airflow/dags/youtube_pipeline.py                           0           1  0.08s           2026-09-15T11:04:27
================================================================================
[2026-09-15T11:05:24.894+0000] {manager.py:878} INFO - 
================================================================================
DAG File Processing Stats

File Path                              PID    Runtime      # DAGs    # Errors  Last Runtime    Last Run
-------------------------------------  -----  ---------  --------  ----------  --------------  -------------------
/opt/airflow/dags/youtube_pipeline.py                           0           1  0.17s           2026-09-15T11:04:57
================================================================================
[2026-09-15T11:05:55.383+0000] {manager.py:878} INFO - 
================================================================================
DAG File Processing Stats

File Path                              PID    Runtime      # DAGs    # Errors  Last Runtime    Last Run
-------------------------------------  -----  ---------  --------  ----------  --------------  -------------------
/opt/airflow/dags/youtube_pipeline.py                           0           1  0.08s           2026-09-15T11:05:32
================================================================================
[2026-09-15T11:06:25.614+0000] {manager.py:878} INFO - 
================================================================================
DAG File Processing Stats

File Path                              PID    Runtime      # DAGs    # Errors  Last Runtime    Last Run
-------------------------------------  -----  ---------  --------  ----------  --------------  -------------------
/opt/airflow/dags/youtube_pipeline.py                           0           1  0.15s           2026-09-15T11:06:02
================================================================================
[2026-09-15T11:06:55.974+0000] {manager.py:878} INFO - 
================================================================================
DAG File Processing Stats

File Path                              PID    Runtime      # DAGs    # Errors  Last Runtime    Last Run
-------------------------------------  -----  ---------  --------  ----------  --------------  -------------------
/opt/airflow/dags/youtube_pipeline.py                           0           1  0.09s           2026-09-15T11:06:53
================================================================================
[2026-09-15T11:07:14.089+0000] {manager.py:737} INFO - Searching for files in /opt/airflow/dags
[2026-09-15T11:07:14.119+0000] {manager.py:740} INFO - There are 1 files in /opt/airflow/dags
[2026-09-15T11:07:26.246+0000] {manager.py:878} INFO - 
================================================================================
DAG File Processing Stats

File Path                              PID    Runtime      # DAGs    # Errors  Last Runtime    Last Run
-------------------------------------  -----  ---------  --------  ----------  --------------  -------------------
/opt/airflow/dags/youtube_pipeline.py                           0           1  0.10s           2026-09-15T11:07:24
================================================================================
[2026-09-15T11:07:56.510+0000] {manager.py:878} INFO - 
================================================================================
DAG File Processing Stats

File Path                              PID    Runtime      # DAGs    # Errors  Last Runtime    Last Run
-------------------------------------  -----  ---------  --------  ----------  --------------  -------------------
/opt/airflow/dags/youtube_pipeline.py                           0           1  0.10s           2026-09-15T11:07:40
================================================================================
[2026-09-15T11:08:27.184+0000] {manager.py:878} INFO - 
================================================================================
DAG File Processing Stats

File Path                              PID    Runtime      # DAGs    # Errors  Last Runtime    Last Run
-------------------------------------  -----  ---------  --------  ----------  --------------  -------------------
/opt/airflow/dags/youtube_pipeline.py                           0           1  0.12s           2026-09-15T11:08:24
================================================================================
[2026-09-15T11:08:57.412+0000] {manager.py:878} INFO - 
================================================================================
DAG File Processing Stats

File Path                              PID    Runtime      # DAGs    # Errors  Last Runtime    Last Run
-------------------------------------  -----  ---------  --------  ----------  --------------  -------------------
/opt/airflow/dags/youtube_pipeline.py                           0           1  0.08s           2026-09-15T11:08:54
================================================================================
[2026-09-15T11:09:27.657+0000] {manager.py:878} INFO - 
================================================================================
DAG File Processing Stats

File Path                              PID    Runtime      # DAGs    # Errors  Last Runtime    Last Run
-------------------------------------  -----  ---------  --------  ----------  --------------  -------------------
/opt/airflow/dags/youtube_pipeline.py                           0           1  0.10s           2026-09-15T11:09:24
================================================================================
[2026-09-15T11:09:57.900+0000] {manager.py:878} INFO - 
================================================================================
DAG File Processing Stats

File Path                              PID    Runtime      # DAGs    # Errors  Last Runtime    Last Run
-------------------------------------  -----  ---------  --------  ----------  --------------  -------------------
/opt/airflow/dags/youtube_pipeline.py                           0           1  0.07s           2026-09-15T11:09:54
================================================================================
[2026-09-15T11:10:28.132+0000] {manager.py:878} INFO - 
================================================================================
DAG File Processing Stats

File Path                              PID    Runtime      # DAGs    # Errors  Last Runtime    Last Run
-------------------------------------  -----  ---------  --------  ----------  --------------  -------------------
/opt/airflow/dags/youtube_pipeline.py                           0           1  0.06s           2026-09-15T11:10:25
================================================================================
[2026-09-15T11:10:58.379+0000] {manager.py:878} INFO - 
================================================================================
DAG File Processing Stats

File Path                              PID    Runtime      # DAGs    # Errors  Last Runtime    Last Run
-------------------------------------  -----  ---------  --------  ----------  --------------  -------------------
/opt/airflow/dags/youtube_pipeline.py                           0           1  0.15s           2026-09-15T11:10:55
================================================================================
[2026-09-15T11:11:28.867+0000] {manager.py:878} INFO - 
================================================================================
DAG File Processing Stats

File Path                              PID    Runtime      # DAGs    # Errors  Last Runtime    Last Run
-------------------------------------  -----  ---------  --------  ----------  --------------  -------------------
/opt/airflow/dags/youtube_pipeline.py                           0           1  0.51s           2026-09-15T11:11:26
================================================================================
[2026-09-15T11:11:59.280+0000] {manager.py:878} INFO - 
================================================================================
DAG File Processing Stats

File Path                              PID    Runtime      # DAGs    # Errors  Last Runtime    Last Run
-------------------------------------  -----  ---------  --------  ----------  --------------  -------------------
/opt/airflow/dags/youtube_pipeline.py                           0           1  0.54s           2026-09-15T11:11:57
================================================================================
[2026-09-15T11:12:14.456+0000] {manager.py:737} INFO - Searching for files in /opt/airflow/dags
[2026-09-15T11:12:14.485+0000] {manager.py:740} INFO - There are 1 files in /opt/airflow/dags
[2026-09-15T11:12:29.415+0000] {manager.py:878} INFO - 
================================================================================
DAG File Processing Stats

File Path                              PID    Runtime      # DAGs    # Errors  Last Runtime    Last Run
-------------------------------------  -----  ---------  --------  ----------  --------------  -------------------
/opt/airflow/dags/youtube_pipeline.py                           0           1  0.60s           2026-09-15T11:12:28
================================================================================
[2026-09-15T11:12:59.962+0000] {manager.py:878} INFO - 
================================================================================
DAG File Processing Stats

File Path                              PID    Runtime      # DAGs    # Errors  Last Runtime    Last Run
-------------------------------------  -----  ---------  --------  ----------  --------------  -------------------
/opt/airflow/dags/youtube_pipeline.py                           0           1  0.55s           2026-09-15T11:12:59
================================================================================
[2026-09-15T11:13:29.979+0000] {manager.py:878} INFO - 
================================================================================
DAG File Processing Stats

File Path                                PID  Runtime      # DAGs    # Errors  Last Runtime    Last Run
-------------------------------------  -----  ---------  --------  ----------  --------------  -------------------
/opt/airflow/dags/youtube_pipeline.py    718  0.03s             0           1  0.55s           2026-09-15T11:12:59
================================================================================
[2026-09-15T11:14:00.180+0000] {manager.py:878} INFO - 
================================================================================
DAG File Processing Stats

File Path                                PID  Runtime      # DAGs    # Errors  Last Runtime    Last Run
-------------------------------------  -----  ---------  --------  ----------  --------------  -------------------
/opt/airflow/dags/youtube_pipeline.py    725  0.00s             0           1  0.18s           2026-09-15T11:13:30
================================================================================
[2026-09-15T11:14:30.593+0000] {manager.py:878} INFO - 
================================================================================
DAG File Processing Stats

File Path                                PID  Runtime      # DAGs    # Errors  Last Runtime    Last Run
-------------------------------------  -----  ---------  --------  ----------  --------------  -------------------
/opt/airflow/dags/youtube_pipeline.py    732  0.00s             0           1  0.29s           2026-09-15T11:14:00
================================================================================
[2026-09-15T11:15:00.850+0000] {manager.py:878} INFO - 
================================================================================
DAG File Processing Stats

File Path                                PID  Runtime      # DAGs    # Errors  Last Runtime    Last Run
-------------------------------------  -----  ---------  --------  ----------  --------------  -------------------
/opt/airflow/dags/youtube_pipeline.py    739  0.00s             0           1  0.10s           2026-09-15T11:14:30
================================================================================
[2026-09-15T11:15:31.287+0000] {manager.py:878} INFO - 
================================================================================
DAG File Processing Stats

File Path                              PID    Runtime      # DAGs    # Errors  Last Runtime    Last Run
-------------------------------------  -----  ---------  --------  ----------  --------------  -------------------
/opt/airflow/dags/youtube_pipeline.py                           0           1  0.10s           2026-09-15T11:15:28
================================================================================
[2026-09-15T11:15:39.337+0000] {manager.py:1128} WARNING - Skipping processing of missing file: /opt/airflow/dags/youtube_pipeline.py
[2026-09-15T11:17:14.763+0000] {manager.py:737} INFO - Searching for files in /opt/airflow/dags
[2026-09-15T11:17:14.794+0000] {manager.py:740} INFO - There are 0 files in /opt/airflow/dags
[2026-09-15T11:22:15.113+0000] {manager.py:737} INFO - Searching for files in /opt/airflow/dags
[2026-09-15T11:22:15.143+0000] {manager.py:740} INFO - There are 0 files in /opt/airflow/dags
[2026-09-15T11:27:15.708+0000] {manager.py:737} INFO - Searching for files in /opt/airflow/dags
[2026-09-15T11:27:15.745+0000] {manager.py:740} INFO - There are 0 files in /opt/airflow/dags
[2026-09-15T11:32:16.188+0000] {manager.py:737} INFO - Searching for files in /opt/airflow/dags
[2026-09-15T11:32:16.223+0000] {manager.py:740} INFO - There are 0 files in /opt/airflow/dags
[2026-09-15T11:37:16.414+0000] {manager.py:737} INFO - Searching for files in /opt/airflow/dags
[2026-09-15T11:37:16.428+0000] {manager.py:740} INFO - There are 0 files in /opt/airflow/dags
[2026-09-15T11:42:16.600+0000] {manager.py:737} INFO - Searching for files in /opt/airflow/dags
[2026-09-15T11:42:16.609+0000] {manager.py:740} INFO - There are 0 files in /opt/airflow/dags
[2026-09-15T11:47:17.147+0000] {manager.py:737} INFO - Searching for files in /opt/airflow/dags
[2026-09-15T11:47:17.158+0000] {manager.py:740} INFO - There are 0 files in /opt/airflow/dags
[2026-09-15T11:52:17.851+0000] {manager.py:737} INFO - Searching for files in /opt/airflow/dags
[2026-09-15T11:52:17.876+0000] {manager.py:740} INFO - There are 0 files in /opt/airflow/dags
[2026-09-15T11:57:18.675+0000] {manager.py:737} INFO - Searching for files in /opt/airflow/dags
[2026-09-15T11:57:18.698+0000] {manager.py:740} INFO - There are 0 files in /opt/airflow/dags
[2026-09-15T12:02:19.554+0000] {manager.py:737} INFO - Searching for files in /opt/airflow/dags
[2026-09-15T12:02:19.561+0000] {manager.py:740} INFO - There are 0 files in /opt/airflow/dags
[2026-09-15T12:07:20.346+0000] {manager.py:737} INFO - Searching for files in /opt/airflow/dags
[2026-09-15T12:07:20.353+0000] {manager.py:740} INFO - There are 0 files in /opt/airflow/dags
[2026-09-15T12:12:21.124+0000] {manager.py:737} INFO - Searching for files in /opt/airflow/dags
[2026-09-15T12:12:21.132+0000] {manager.py:740} INFO - There are 0 files in /opt/airflow/dags
[2026-09-15T12:17:21.821+0000] {manager.py:737} INFO - Searching for files in /opt/airflow/dags
[2026-09-15T12:17:21.844+0000] {manager.py:740} INFO - There are 0 files in /opt/airflow/dags
[2026-09-15T12:22:22.609+0000] {manager.py:737} INFO - Searching for files in /opt/airflow/dags
[2026-09-15T12:22:22.615+0000] {manager.py:740} INFO - There are 0 files in /opt/airflow/dags
[2026-09-15T12:27:23.433+0000] {manager.py:737} INFO - Searching for files in /opt/airflow/dags
[2026-09-15T12:27:23.448+0000] {manager.py:740} INFO - There are 0 files in /opt/airflow/dags
[2026-09-15T12:32:24.243+0000] {manager.py:737} INFO - Searching for files in /opt/airflow/dags
[2026-09-15T12:32:24.266+0000] {manager.py:740} INFO - There are 0 files in /opt/airflow/dags
[2026-09-15T12:37:25.125+0000] {manager.py:737} INFO - Searching for files in /opt/airflow/dags
[2026-09-15T12:37:25.137+0000] {manager.py:740} INFO - There are 0 files in /opt/airflow/dags
[2026-09-15T12:42:25.958+0000] {manager.py:737} INFO - Searching for files in /opt/airflow/dags
[2026-09-15T12:42:25.974+0000] {manager.py:740} INFO - There are 0 files in /opt/airflow/dags
[2026-09-15T12:47:26.792+0000] {manager.py:737} INFO - Searching for files in /opt/airflow/dags
[2026-09-15T12:47:26.800+0000] {manager.py:740} INFO - There are 0 files in /opt/airflow/dags
[2026-09-15T12:52:27.643+0000] {manager.py:737} INFO - Searching for files in /opt/airflow/dags
[2026-09-15T12:52:27.666+0000] {manager.py:740} INFO - There are 0 files in /opt/airflow/dags
[2026-09-15T12:57:28.454+0000] {manager.py:737} INFO - Searching for files in /opt/airflow/dags
[2026-09-15T12:57:28.467+0000] {manager.py:740} INFO - There are 0 files in /opt/airflow/dags
[2026-09-15T13:02:29.164+0000] {manager.py:737} INFO - Searching for files in /opt/airflow/dags
[2026-09-15T13:02:29.178+0000] {manager.py:740} INFO - There are 0 files in /opt/airflow/dags
[2026-09-15T13:07:29.593+0000] {manager.py:737} INFO - Searching for files in /opt/airflow/dags
[2026-09-15T13:07:29.646+0000] {manager.py:740} INFO - There are 0 files in /opt/airflow/dags
[2026-09-15T13:12:30.109+0000] {manager.py:737} INFO - Searching for files in /opt/airflow/dags
[2026-09-15T13:12:30.157+0000] {manager.py:740} INFO - There are 0 files in /opt/airflow/dags
[2026-09-15T13:17:30.873+0000] {manager.py:737} INFO - Searching for files in /opt/airflow/dags
[2026-09-15T13:17:30.895+0000] {manager.py:740} INFO - There are 0 files in /opt/airflow/dags
[2026-09-15T13:22:31.395+0000] {manager.py:737} INFO - Searching for files in /opt/airflow/dags
[2026-09-15T13:22:31.408+0000] {manager.py:740} INFO - There are 0 files in /opt/airflow/dags
[2026-09-15T13:27:31.824+0000] {manager.py:737} INFO - Searching for files in /opt/airflow/dags
[2026-09-15T13:27:31.833+0000] {manager.py:740} INFO - There are 0 files in /opt/airflow/dags
[2026-09-15T13:32:32.154+0000] {manager.py:737} INFO - Searching for files in /opt/airflow/dags
[2026-09-15T13:32:32.168+0000] {manager.py:740} INFO - There are 0 files in /opt/airflow/dags
[2026-09-15T13:37:32.676+0000] {manager.py:737} INFO - Searching for files in /opt/airflow/dags
[2026-09-15T13:37:32.706+0000] {manager.py:740} INFO - There are 0 files in /opt/airflow/dags
[2026-09-15T13:42:33.116+0000] {manager.py:737} INFO - Searching for files in /opt/airflow/dags
[2026-09-15T13:42:33.125+0000] {manager.py:740} INFO - There are 0 files in /opt/airflow/dags
[2026-09-15T13:47:33.584+0000] {manager.py:737} INFO - Searching for files in /opt/airflow/dags
[2026-09-15T13:47:33.607+0000] {manager.py:740} INFO - There are 0 files in /opt/airflow/dags
[2026-09-15T13:52:34.011+0000] {manager.py:737} INFO - Searching for files in /opt/airflow/dags
[2026-09-15T13:52:34.038+0000] {manager.py:740} INFO - There are 0 files in /opt/airflow/dags
[2026-09-15T13:57:34.433+0000] {manager.py:737} INFO - Searching for files in /opt/airflow/dags
[2026-09-15T13:57:34.443+0000] {manager.py:740} INFO - There are 0 files in /opt/airflow/dags
[2026-09-15T14:02:34.832+0000] {manager.py:737} INFO - Searching for files in /opt/airflow/dags
[2026-09-15T14:02:34.861+0000] {manager.py:740} INFO - There are 0 files in /opt/airflow/dags
[2026-09-15T14:07:35.360+0000] {manager.py:737} INFO - Searching for files in /opt/airflow/dags
[2026-09-15T14:07:35.403+0000] {manager.py:740} INFO - There are 0 files in /opt/airflow/dags
[2026-09-15T14:12:35.829+0000] {manager.py:737} INFO - Searching for files in /opt/airflow/dags
[2026-09-15T14:12:35.853+0000] {manager.py:740} INFO - There are 0 files in /opt/airflow/dags
[2026-09-15T14:17:36.287+0000] {manager.py:737} INFO - Searching for files in /opt/airflow/dags
[2026-09-15T14:17:36.321+0000] {manager.py:740} INFO - There are 0 files in /opt/airflow/dags
[2026-09-15T14:22:36.579+0000] {manager.py:737} INFO - Searching for files in /opt/airflow/dags
[2026-09-15T14:22:36.589+0000] {manager.py:740} INFO - There are 0 files in /opt/airflow/dags
[2026-09-15T14:26:27.034+0000] {manager.py:452} INFO - Exiting gracefully upon receiving signal 15
[2026-09-15T14:28:34.456+0000] {manager.py:470} INFO - Processing files using up to 2 processes at a time 
[2026-09-15T14:28:34.466+0000] {manager.py:471} INFO - Process each file at most once every 30 seconds
[2026-09-15T14:28:34.471+0000] {manager.py:472} INFO - Checking for new files in /opt/airflow/dags every 300 seconds
[2026-09-15T14:28:34.477+0000] {manager.py:737} INFO - Searching for files in /opt/airflow/dags
[2026-09-15T14:28:34.498+0000] {manager.py:740} INFO - There are 0 files in /opt/airflow/dags
[2026-09-15T14:33:34.655+0000] {manager.py:737} INFO - Searching for files in /opt/airflow/dags
[2026-09-15T14:33:34.716+0000] {manager.py:740} INFO - There are 0 files in /opt/airflow/dags
[2026-09-15T14:38:35.292+0000] {manager.py:737} INFO - Searching for files in /opt/airflow/dags
[2026-09-15T14:38:35.306+0000] {manager.py:740} INFO - There are 0 files in /opt/airflow/dags
[2026-09-15T14:43:35.880+0000] {manager.py:737} INFO - Searching for files in /opt/airflow/dags
[2026-09-15T14:43:35.897+0000] {manager.py:740} INFO - There are 0 files in /opt/airflow/dags
[2026-09-15T14:48:36.337+0000] {manager.py:737} INFO - Searching for files in /opt/airflow/dags
[2026-09-15T14:48:36.350+0000] {manager.py:740} INFO - There are 0 files in /opt/airflow/dags
[2026-09-15T14:53:36.814+0000] {manager.py:737} INFO - Searching for files in /opt/airflow/dags
[2026-09-15T14:53:36.831+0000] {manager.py:740} INFO - There are 0 files in /opt/airflow/dags
[2026-09-15T14:58:37.381+0000] {manager.py:737} INFO - Searching for files in /opt/airflow/dags
[2026-09-15T14:58:37.413+0000] {manager.py:740} INFO - There are 0 files in /opt/airflow/dags
[2026-09-15T15:03:37.744+0000] {manager.py:737} INFO - Searching for files in /opt/airflow/dags
[2026-09-15T15:03:37.761+0000] {manager.py:740} INFO - There are 0 files in /opt/airflow/dags
[2026-09-15T15:08:38.075+0000] {manager.py:737} INFO - Searching for files in /opt/airflow/dags
[2026-09-15T15:08:38.107+0000] {manager.py:740} INFO - There are 0 files in /opt/airflow/dags
[2026-09-15T15:13:38.444+0000] {manager.py:737} INFO - Searching for files in /opt/airflow/dags
[2026-09-15T15:13:38.473+0000] {manager.py:740} INFO - There are 0 files in /opt/airflow/dags
[2026-09-15T15:18:38.897+0000] {manager.py:737} INFO - Searching for files in /opt/airflow/dags
[2026-09-15T15:18:38.920+0000] {manager.py:740} INFO - There are 0 files in /opt/airflow/dags
[2026-09-15T15:23:39.627+0000] {manager.py:737} INFO - Searching for files in /opt/airflow/dags
[2026-09-15T15:23:39.645+0000] {manager.py:740} INFO - There are 0 files in /opt/airflow/dags
[2026-09-15T15:28:40.097+0000] {manager.py:737} INFO - Searching for files in /opt/airflow/dags
[2026-09-15T15:28:40.114+0000] {manager.py:740} INFO - There are 0 files in /opt/airflow/dags
[2026-09-15T15:33:40.622+0000] {manager.py:737} INFO - Searching for files in /opt/airflow/dags
[2026-09-15T15:33:40.656+0000] {manager.py:740} INFO - There are 0 files in /opt/airflow/dags
[2026-09-15T15:38:41.079+0000] {manager.py:737} INFO - Searching for files in /opt/airflow/dags
[2026-09-15T15:38:41.107+0000] {manager.py:740} INFO - There are 0 files in /opt/airflow/dags
[2026-09-15T15:43:16.616+0000] {manager.py:452} INFO - Exiting gracefully upon receiving signal 15
[2026-09-15T15:44:43.936+0000] {manager.py:470} INFO - Processing files using up to 2 processes at a time 
[2026-09-15T15:44:43.951+0000] {manager.py:471} INFO - Process each file at most once every 30 seconds
[2026-09-15T15:44:43.960+0000] {manager.py:472} INFO - Checking for new files in /opt/airflow/dags every 300 seconds
[2026-09-15T15:44:43.979+0000] {manager.py:737} INFO - Searching for files in /opt/airflow/dags
[2026-09-15T15:44:44.027+0000] {manager.py:740} INFO - There are 0 files in /opt/airflow/dags
[2026-09-15T15:46:03.735+0000] {manager.py:452} INFO - Exiting gracefully upon receiving signal 15
[2026-09-15T15:48:25.059+0000] {manager.py:470} INFO - Processing files using up to 2 processes at a time 
[2026-09-15T15:48:25.069+0000] {manager.py:471} INFO - Process each file at most once every 30 seconds
[2026-09-15T15:48:25.074+0000] {manager.py:472} INFO - Checking for new files in /opt/airflow/dags every 300 seconds
[2026-09-15T15:48:25.079+0000] {manager.py:737} INFO - Searching for files in /opt/airflow/dags
[2026-09-15T15:48:25.094+0000] {manager.py:740} INFO - There are 0 files in /opt/airflow/dags
[2026-09-15T15:49:21.440+0000] {manager.py:452} INFO - Exiting gracefully upon receiving signal 15
[2026-09-15T15:50:32.329+0000] {manager.py:470} INFO - Processing files using up to 2 processes at a time 
[2026-09-15T15:50:32.335+0000] {manager.py:471} INFO - Process each file at most once every 30 seconds
[2026-09-15T15:50:32.339+0000] {manager.py:472} INFO - Checking for new files in /opt/airflow/dags every 300 seconds
[2026-09-15T15:50:32.343+0000] {manager.py:737} INFO - Searching for files in /opt/airflow/dags
[2026-09-15T15:50:32.356+0000] {manager.py:740} INFO - There are 0 files in /opt/airflow/dags
[2026-09-15T15:55:33.192+0000] {manager.py:737} INFO - Searching for files in /opt/airflow/dags
[2026-09-15T15:55:33.222+0000] {manager.py:740} INFO - There are 0 files in /opt/airflow/dags
[2026-09-15T16:00:33.767+0000] {manager.py:737} INFO - Searching for files in /opt/airflow/dags
[2026-09-15T16:00:33.828+0000] {manager.py:740} INFO - There are 1 files in /opt/airflow/dags
[2026-09-15T16:00:35.697+0000] {manager.py:878} INFO - 
================================================================================
DAG File Processing Stats

File Path                              PID    Runtime      # DAGs    # Errors  Last Runtime    Last Run
-------------------------------------  -----  ---------  --------  ----------  --------------  -------------------
/opt/airflow/dags/youtube_pipeline.py                           0           1  0.63s           2026-09-15T16:00:34
================================================================================
[2026-09-15T16:01:06.097+0000] {manager.py:878} INFO - 
================================================================================
DAG File Processing Stats

File Path                                PID  Runtime      # DAGs    # Errors  Last Runtime    Last Run
-------------------------------------  -----  ---------  --------  ----------  --------------  -------------------
/opt/airflow/dags/youtube_pipeline.py    194  0.11s             0           1  0.16s           2026-09-15T16:00:39
================================================================================
[2026-09-15T16:01:36.304+0000] {manager.py:878} INFO - 
================================================================================
DAG File Processing Stats

File Path                                PID  Runtime      # DAGs    # Errors  Last Runtime    Last Run
-------------------------------------  -----  ---------  --------  ----------  --------------  -------------------
/opt/airflow/dags/youtube_pipeline.py    202  0.01s             0           1  0.14s           2026-09-15T16:01:26
================================================================================
[2026-09-15T16:02:06.858+0000] {manager.py:878} INFO - 
================================================================================
DAG File Processing Stats

File Path                                PID  Runtime      # DAGs    # Errors  Last Runtime    Last Run
-------------------------------------  -----  ---------  --------  ----------  --------------  -------------------
/opt/airflow/dags/youtube_pipeline.py    209  0.08s             0           1  0.14s           2026-09-15T16:01:36
================================================================================
[2026-09-15T16:02:37.103+0000] {manager.py:878} INFO - 
================================================================================
DAG File Processing Stats

File Path                                PID  Runtime      # DAGs    # Errors  Last Runtime    Last Run
-------------------------------------  -----  ---------  --------  ----------  --------------  -------------------
/opt/airflow/dags/youtube_pipeline.py    216  0.01s             0           1  0.28s           2026-09-15T16:02:07
================================================================================
[2026-09-15T16:03:07.321+0000] {manager.py:878} INFO - 
================================================================================
DAG File Processing Stats

File Path                                PID  Runtime      # DAGs    # Errors  Last Runtime    Last Run
-------------------------------------  -----  ---------  --------  ----------  --------------  -------------------
/opt/airflow/dags/youtube_pipeline.py    224  0.01s             0           1  0.10s           2026-09-15T16:02:37
================================================================================
[2026-09-15T16:03:37.701+0000] {manager.py:878} INFO - 
================================================================================
DAG File Processing Stats

File Path                                PID  Runtime      # DAGs    # Errors  Last Runtime    Last Run
-------------------------------------  -----  ---------  --------  ----------  --------------  -------------------
/opt/airflow/dags/youtube_pipeline.py    232  0.01s             0           1  0.15s           2026-09-15T16:03:35
================================================================================
[2026-09-15T16:04:08.220+0000] {manager.py:878} INFO - 
================================================================================
DAG File Processing Stats

File Path                                PID  Runtime      # DAGs    # Errors  Last Runtime    Last Run
-------------------------------------  -----  ---------  --------  ----------  --------------  -------------------
/opt/airflow/dags/youtube_pipeline.py    242  0.01s             0           1  0.19s           2026-09-15T16:04:07
================================================================================
[2026-09-15T16:04:38.583+0000] {manager.py:878} INFO - 
================================================================================
DAG File Processing Stats

File Path                                PID  Runtime      # DAGs    # Errors  Last Runtime    Last Run
-------------------------------------  -----  ---------  --------  ----------  --------------  -------------------
/opt/airflow/dags/youtube_pipeline.py    250  0.02s             0           1  0.11s           2026-09-15T16:04:28
================================================================================
[2026-09-15T16:04:59.206+0000] {manager.py:452} INFO - Exiting gracefully upon receiving signal 15
[2026-09-15T16:06:18.085+0000] {manager.py:470} INFO - Processing files using up to 2 processes at a time 
[2026-09-15T16:06:18.296+0000] {manager.py:471} INFO - Process each file at most once every 30 seconds
[2026-09-15T16:06:18.301+0000] {manager.py:472} INFO - Checking for new files in /opt/airflow/dags every 300 seconds
[2026-09-15T16:06:18.305+0000] {manager.py:737} INFO - Searching for files in /opt/airflow/dags
[2026-09-15T16:06:18.608+0000] {manager.py:740} INFO - There are 1 files in /opt/airflow/dags
[2026-09-15T16:06:19.670+0000] {manager.py:878} INFO - 
================================================================================
DAG File Processing Stats

File Path                                PID  Runtime      # DAGs    # Errors  Last Runtime    Last Run
-------------------------------------  -----  ---------  --------  ----------  --------------  ----------
/opt/airflow/dags/youtube_pipeline.py     71  0.43s             0           0
================================================================================
[2026-09-15T16:06:49.320+0000] {manager.py:878} INFO - 
================================================================================
DAG File Processing Stats

File Path                              PID    Runtime      # DAGs    # Errors  Last Runtime    Last Run
-------------------------------------  -----  ---------  --------  ----------  --------------  -------------------
/opt/airflow/dags/youtube_pipeline.py                           0           1  1.80s           2026-09-15T16:06:21
================================================================================
[2026-09-15T16:07:20.416+0000] {manager.py:878} INFO - 
================================================================================
DAG File Processing Stats

File Path                              PID    Runtime      # DAGs    # Errors  Last Runtime    Last Run
-------------------------------------  -----  ---------  --------  ----------  --------------  -------------------
/opt/airflow/dags/youtube_pipeline.py                           0           1  0.38s           2026-09-15T16:06:51
================================================================================
[2026-09-15T16:07:50.639+0000] {manager.py:878} INFO - 
================================================================================
DAG File Processing Stats

File Path                              PID    Runtime      # DAGs    # Errors  Last Runtime    Last Run
-------------------------------------  -----  ---------  --------  ----------  --------------  -------------------
/opt/airflow/dags/youtube_pipeline.py                           0           1  0.10s           2026-09-15T16:07:22
================================================================================
[2026-09-15T16:08:20.983+0000] {manager.py:878} INFO - 
================================================================================
DAG File Processing Stats

File Path                              PID    Runtime      # DAGs    # Errors  Last Runtime    Last Run
-------------------------------------  -----  ---------  --------  ----------  --------------  -------------------
/opt/airflow/dags/youtube_pipeline.py                           0           1  0.43s           2026-09-15T16:07:53
================================================================================
[2026-09-15T16:08:51.495+0000] {manager.py:878} INFO - 
================================================================================
DAG File Processing Stats

File Path                              PID    Runtime      # DAGs    # Errors  Last Runtime    Last Run
-------------------------------------  -----  ---------  --------  ----------  --------------  -------------------
/opt/airflow/dags/youtube_pipeline.py                           0           1  0.11s           2026-09-15T16:08:23
================================================================================
[2026-09-15T16:09:21.779+0000] {manager.py:878} INFO - 
================================================================================
DAG File Processing Stats

File Path                              PID    Runtime      # DAGs    # Errors  Last Runtime    Last Run
-------------------------------------  -----  ---------  --------  ----------  --------------  -------------------
/opt/airflow/dags/youtube_pipeline.py                           0           1  0.08s           2026-09-15T16:08:53
================================================================================
[2026-09-15T16:09:52.005+0000] {manager.py:878} INFO - 
================================================================================
DAG File Processing Stats

File Path                              PID    Runtime      # DAGs    # Errors  Last Runtime    Last Run
-------------------------------------  -----  ---------  --------  ----------  --------------  -------------------
/opt/airflow/dags/youtube_pipeline.py                           0           1  0.08s           2026-09-15T16:09:23
================================================================================
[2026-09-15T16:10:22.298+0000] {manager.py:878} INFO - 
================================================================================
DAG File Processing Stats

File Path                              PID    Runtime      # DAGs    # Errors  Last Runtime    Last Run
-------------------------------------  -----  ---------  --------  ----------  --------------  -------------------
/opt/airflow/dags/youtube_pipeline.py                           0           1  0.33s           2026-09-15T16:09:54
================================================================================
[2026-09-15T16:10:52.746+0000] {manager.py:878} INFO - 
================================================================================
DAG File Processing Stats

File Path                              PID    Runtime      # DAGs    # Errors  Last Runtime    Last Run
-------------------------------------  -----  ---------  --------  ----------  --------------  -------------------
/opt/airflow/dags/youtube_pipeline.py                           0           1  0.15s           2026-09-15T16:10:24
================================================================================
[2026-09-15T16:11:19.051+0000] {manager.py:737} INFO - Searching for files in /opt/airflow/dags
[2026-09-15T16:11:19.095+0000] {manager.py:740} INFO - There are 1 files in /opt/airflow/dags
[2026-09-15T16:11:23.187+0000] {manager.py:878} INFO - 
================================================================================
DAG File Processing Stats

File Path                              PID    Runtime      # DAGs    # Errors  Last Runtime    Last Run
-------------------------------------  -----  ---------  --------  ----------  --------------  -------------------
/opt/airflow/dags/youtube_pipeline.py                           0           1  0.17s           2026-09-15T16:11:20
================================================================================
[2026-09-15T16:11:53.528+0000] {manager.py:878} INFO - 
================================================================================
DAG File Processing Stats

File Path                              PID    Runtime      # DAGs    # Errors  Last Runtime    Last Run
-------------------------------------  -----  ---------  --------  ----------  --------------  -------------------
/opt/airflow/dags/youtube_pipeline.py                           0           1  0.22s           2026-09-15T16:11:50
================================================================================
[2026-09-15T16:12:23.862+0000] {manager.py:878} INFO - 
================================================================================
DAG File Processing Stats

File Path                              PID    Runtime      # DAGs    # Errors  Last Runtime    Last Run
-------------------------------------  -----  ---------  --------  ----------  --------------  -------------------
/opt/airflow/dags/youtube_pipeline.py                           0           1  0.21s           2026-09-15T16:12:20
================================================================================
[2026-09-15T16:12:54.150+0000] {manager.py:878} INFO - 
================================================================================
DAG File Processing Stats

File Path                              PID    Runtime      # DAGs    # Errors  Last Runtime    Last Run
-------------------------------------  -----  ---------  --------  ----------  --------------  -------------------
/opt/airflow/dags/youtube_pipeline.py                           0           1  0.22s           2026-09-15T16:12:51
================================================================================
[2026-09-15T16:13:24.513+0000] {manager.py:878} INFO - 
================================================================================
DAG File Processing Stats

File Path                              PID    Runtime      # DAGs    # Errors  Last Runtime    Last Run
-------------------------------------  -----  ---------  --------  ----------  --------------  -------------------
/opt/airflow/dags/youtube_pipeline.py                           0           1  0.39s           2026-09-15T16:13:21
================================================================================
[2026-09-15T16:13:55.002+0000] {manager.py:878} INFO - 
================================================================================
DAG File Processing Stats

File Path                              PID    Runtime      # DAGs    # Errors  Last Runtime    Last Run
-------------------------------------  -----  ---------  --------  ----------  --------------  -------------------
/opt/airflow/dags/youtube_pipeline.py                           0           1  0.22s           2026-09-15T16:13:52
================================================================================
[2026-09-15T16:14:25.413+0000] {manager.py:878} INFO - 
================================================================================
DAG File Processing Stats

File Path                              PID    Runtime      # DAGs    # Errors  Last Runtime    Last Run
-------------------------------------  -----  ---------  --------  ----------  --------------  -------------------
/opt/airflow/dags/youtube_pipeline.py                           0           1  0.12s           2026-09-15T16:14:22
================================================================================
[2026-09-15T16:14:55.639+0000] {manager.py:878} INFO - 
================================================================================
DAG File Processing Stats

File Path                              PID    Runtime      # DAGs    # Errors  Last Runtime    Last Run
-------------------------------------  -----  ---------  --------  ----------  --------------  -------------------
/opt/airflow/dags/youtube_pipeline.py                           0           1  0.09s           2026-09-15T16:14:52
================================================================================
[2026-09-15T16:15:25.906+0000] {manager.py:878} INFO - 
================================================================================
DAG File Processing Stats

File Path                              PID    Runtime      # DAGs    # Errors  Last Runtime    Last Run
-------------------------------------  -----  ---------  --------  ----------  --------------  -------------------
/opt/airflow/dags/youtube_pipeline.py                           0           1  0.22s           2026-09-15T16:15:23
================================================================================
[2026-09-15T16:15:56.249+0000] {manager.py:878} INFO - 
================================================================================
DAG File Processing Stats

File Path                              PID    Runtime      # DAGs    # Errors  Last Runtime    Last Run
-------------------------------------  -----  ---------  --------  ----------  --------------  -------------------
/opt/airflow/dags/youtube_pipeline.py                           0           1  0.23s           2026-09-15T16:15:53
================================================================================
[2026-09-15T16:16:19.449+0000] {manager.py:737} INFO - Searching for files in /opt/airflow/dags
[2026-09-15T16:16:19.526+0000] {manager.py:740} INFO - There are 1 files in /opt/airflow/dags
[2026-09-15T16:16:26.684+0000] {manager.py:878} INFO - 
================================================================================
DAG File Processing Stats

File Path                              PID    Runtime      # DAGs    # Errors  Last Runtime    Last Run
-------------------------------------  -----  ---------  --------  ----------  --------------  -------------------
/opt/airflow/dags/youtube_pipeline.py                           0           1  0.20s           2026-09-15T16:16:23
================================================================================
[2026-09-15T16:16:57.031+0000] {manager.py:878} INFO - 
================================================================================
DAG File Processing Stats

File Path                              PID    Runtime      # DAGs    # Errors  Last Runtime    Last Run
-------------------------------------  -----  ---------  --------  ----------  --------------  -------------------
/opt/airflow/dags/youtube_pipeline.py                           0           1  0.14s           2026-09-15T16:16:54
================================================================================
[2026-09-15T16:17:27.337+0000] {manager.py:878} INFO - 
================================================================================
DAG File Processing Stats

File Path                              PID    Runtime      # DAGs    # Errors  Last Runtime    Last Run
-------------------------------------  -----  ---------  --------  ----------  --------------  -------------------
/opt/airflow/dags/youtube_pipeline.py                           0           1  0.18s           2026-09-15T16:17:24
================================================================================
[2026-09-15T16:17:57.705+0000] {manager.py:878} INFO - 
================================================================================
DAG File Processing Stats

File Path                              PID    Runtime      # DAGs    # Errors  Last Runtime    Last Run
-------------------------------------  -----  ---------  --------  ----------  --------------  -------------------
/opt/airflow/dags/youtube_pipeline.py                           0           1  0.12s           2026-09-15T16:17:54
================================================================================
[2026-09-15T16:18:27.996+0000] {manager.py:878} INFO - 
================================================================================
DAG File Processing Stats

File Path                              PID    Runtime      # DAGs    # Errors  Last Runtime    Last Run
-------------------------------------  -----  ---------  --------  ----------  --------------  -------------------
/opt/airflow/dags/youtube_pipeline.py                           0           1  0.24s           2026-09-15T16:18:25
================================================================================
[2026-09-15T16:18:58.329+0000] {manager.py:878} INFO - 
================================================================================
DAG File Processing Stats

File Path                              PID    Runtime      # DAGs    # Errors  Last Runtime    Last Run
-------------------------------------  -----  ---------  --------  ----------  --------------  -------------------
/opt/airflow/dags/youtube_pipeline.py                           0           1  0.14s           2026-09-15T16:18:55
================================================================================
[2026-09-15T16:19:28.649+0000] {manager.py:878} INFO - 
================================================================================
DAG File Processing Stats

File Path                              PID    Runtime      # DAGs    # Errors  Last Runtime    Last Run
-------------------------------------  -----  ---------  --------  ----------  --------------  -------------------
/opt/airflow/dags/youtube_pipeline.py                           0           1  0.84s           2026-09-15T16:19:26
================================================================================
[2026-09-15T16:19:58.890+0000] {manager.py:878} INFO - 
================================================================================
DAG File Processing Stats

File Path                              PID    Runtime      # DAGs    # Errors  Last Runtime    Last Run
-------------------------------------  -----  ---------  --------  ----------  --------------  -------------------
/opt/airflow/dags/youtube_pipeline.py                           0           1  0.16s           2026-09-15T16:19:57
================================================================================
[2026-09-15T16:20:29.104+0000] {manager.py:878} INFO - 
================================================================================
DAG File Processing Stats

File Path                              PID    Runtime      # DAGs    # Errors  Last Runtime    Last Run
-------------------------------------  -----  ---------  --------  ----------  --------------  -------------------
/opt/airflow/dags/youtube_pipeline.py                           0           1  0.12s           2026-09-15T16:20:27
================================================================================
[2026-09-15T16:20:59.388+0000] {manager.py:878} INFO - 
================================================================================
DAG File Processing Stats

File Path                              PID    Runtime      # DAGs    # Errors  Last Runtime    Last Run
-------------------------------------  -----  ---------  --------  ----------  --------------  -------------------
/opt/airflow/dags/youtube_pipeline.py                           0           1  0.11s           2026-09-15T16:20:57
================================================================================
[2026-09-15T16:21:19.625+0000] {manager.py:737} INFO - Searching for files in /opt/airflow/dags
[2026-09-15T16:21:19.719+0000] {manager.py:740} INFO - There are 1 files in /opt/airflow/dags
[2026-09-15T16:21:29.784+0000] {manager.py:878} INFO - 
================================================================================
DAG File Processing Stats

File Path                              PID    Runtime      # DAGs    # Errors  Last Runtime    Last Run
-------------------------------------  -----  ---------  --------  ----------  --------------  -------------------
/opt/airflow/dags/youtube_pipeline.py                           0           1  0.88s           2026-09-15T16:21:28
================================================================================
[2026-09-15T16:22:00.134+0000] {manager.py:878} INFO - 
================================================================================
DAG File Processing Stats

File Path                              PID    Runtime      # DAGs    # Errors  Last Runtime    Last Run
-------------------------------------  -----  ---------  --------  ----------  --------------  -------------------
/opt/airflow/dags/youtube_pipeline.py                           0           1  0.86s           2026-09-15T16:22:00
================================================================================
[2026-09-15T16:22:24.836+0000] {manager.py:452} INFO - Exiting gracefully upon receiving signal 15
[2026-09-15T16:24:29.145+0000] {manager.py:483} INFO - Processing files using up to 2 processes at a time 
[2026-09-15T16:24:29.668+0000] {manager.py:484} INFO - Process each file at most once every 30 seconds
[2026-09-15T16:24:29.684+0000] {manager.py:485} INFO - Checking for new files in /opt/airflow/dags every 300 seconds
[2026-09-15T16:24:29.687+0000] {manager.py:821} INFO - Searching for files in /opt/airflow/dags
[2026-09-15T16:24:30.201+0000] {manager.py:824} INFO - There are 1 files in /opt/airflow/dags
[2026-09-15T16:24:30.521+0000] {manager.py:997} INFO - 
================================================================================
DAG File Processing Stats

File Path                                PID  Runtime      # DAGs    # Errors  Last Runtime    Last Run      Last # of DB Queries
-------------------------------------  -----  ---------  --------  ----------  --------------  ----------  ----------------------
/opt/airflow/dags/youtube_pipeline.py     78  0.16s             0           0                                                   0
================================================================================
[2026-09-15T16:25:00.855+0000] {manager.py:997} INFO - 
================================================================================
DAG File Processing Stats

File Path                              PID    Runtime      # DAGs    # Errors  Last Runtime    Last Run               Last # of DB Queries
-------------------------------------  -----  ---------  --------  ----------  --------------  -------------------  ----------------------
/opt/airflow/dags/youtube_pipeline.py                           0           1  5.44s           2026-09-15T16:24:57                       5
================================================================================
[2026-09-15T16:25:30.969+0000] {manager.py:997} INFO - 
================================================================================
DAG File Processing Stats

File Path                              PID    Runtime      # DAGs    # Errors  Last Runtime    Last Run               Last # of DB Queries
-------------------------------------  -----  ---------  --------  ----------  --------------  -------------------  ----------------------
/opt/airflow/dags/youtube_pipeline.py                           0           1  2.89s           2026-09-15T16:25:30                       5
================================================================================
[2026-09-15T16:26:01.405+0000] {manager.py:997} INFO - 
================================================================================
DAG File Processing Stats

File Path                              PID    Runtime      # DAGs    # Errors  Last Runtime    Last Run               Last # of DB Queries
-------------------------------------  -----  ---------  --------  ----------  --------------  -------------------  ----------------------
/opt/airflow/dags/youtube_pipeline.py                           0           1  3.84s           2026-09-15T16:25:41                       5
================================================================================
[2026-09-15T16:26:31.947+0000] {manager.py:997} INFO - 
================================================================================
DAG File Processing Stats

File Path                              PID    Runtime      # DAGs    # Errors  Last Runtime    Last Run               Last # of DB Queries
-------------------------------------  -----  ---------  --------  ----------  --------------  -------------------  ----------------------
/opt/airflow/dags/youtube_pipeline.py                           0           1  0.41s           2026-09-15T16:26:13                       5
================================================================================
[2026-09-15T16:27:02.067+0000] {manager.py:997} INFO - 
================================================================================
DAG File Processing Stats

File Path                              PID    Runtime      # DAGs    # Errors  Last Runtime    Last Run               Last # of DB Queries
-------------------------------------  -----  ---------  --------  ----------  --------------  -------------------  ----------------------
/opt/airflow/dags/youtube_pipeline.py                           0           1  0.44s           2026-09-15T16:26:43                       5
================================================================================
[2026-09-15T16:27:32.402+0000] {manager.py:997} INFO - 
================================================================================
DAG File Processing Stats

File Path                              PID    Runtime      # DAGs    # Errors  Last Runtime    Last Run               Last # of DB Queries
-------------------------------------  -----  ---------  --------  ----------  --------------  -------------------  ----------------------
/opt/airflow/dags/youtube_pipeline.py                           0           1  0.26s           2026-09-15T16:27:14                       5
================================================================================
