[2026-09-17T09:21:23.706+0000] {local_task_job_runner.py:123} INFO - ::group::Pre task execution logs
[2026-09-17T09:21:23.750+0000] {taskinstance.py:2632} INFO - Dependencies all met for dep_context=non-requeueable deps ti=<TaskInstance: youtube_pipeline_extraction.generate_json scheduled__2026-09-17T08:00:00+00:00 [queued]>
[2026-09-17T09:21:23.772+0000] {taskinstance.py:2632} INFO - Dependencies all met for dep_context=requeueable deps ti=<TaskInstance: youtube_pipeline_extraction.generate_json scheduled__2026-09-17T08:00:00+00:00 [queued]>
[2026-09-17T09:21:23.776+0000] {taskinstance.py:2885} INFO - Starting attempt 1 of 1
[2026-09-17T09:21:23.802+0000] {taskinstance.py:2908} INFO - Executing <Task(PythonOperator): generate_json> on 2026-09-17 08:00:00+00:00
[2026-09-17T09:21:23.814+0000] {standard_task_runner.py:72} INFO - Started process 1015 to run task
[2026-09-17T09:21:23.821+0000] {standard_task_runner.py:104} INFO - Running: ['airflow', 'tasks', 'run', 'youtube_pipeline_extraction', 'generate_json', 'scheduled__2026-09-17T08:00:00+00:00', '--job-id', '60', '--raw', '--subdir', 'DAGS_FOLDER/youtube_extract_pipeline.py', '--cfg-path', '/tmp/tmp6wgqtzcx']
[2026-09-17T09:21:23.826+0000] {standard_task_runner.py:105} INFO - Job 60: Subtask generate_json
[2026-09-17T09:21:23.954+0000] {task_command.py:467} INFO - Running <TaskInstance: youtube_pipeline_extraction.generate_json scheduled__2026-09-17T08:00:00+00:00 [running]> on host 5131746b1558
[2026-09-17T09:21:24.116+0000] {taskinstance.py:3158} INFO - Exporting env vars: AIRFLOW_CTX_DAG_OWNER='airflow' AIRFLOW_CTX_DAG_ID='youtube_pipeline_extraction' AIRFLOW_CTX_TASK_ID='generate_json' AIRFLOW_CTX_EXECUTION_DATE='2026-09-17T08:00:00+00:00' AIRFLOW_CTX_TRY_NUMBER='1' AIRFLOW_CTX_DAG_RUN_ID='scheduled__2026-09-17T08:00:00+00:00'
[2026-09-17T09:21:24.122+0000] {taskinstance.py:740} INFO - ::endgroup::
[2026-09-17T09:21:24.265+0000] {python.py:240} INFO - Done. Returned value was: None
[2026-09-17T09:21:24.295+0000] {taskinstance.py:349} INFO - ::group::Post task execution logs
[2026-09-17T09:21:24.299+0000] {taskinstance.py:361} INFO - Marking task as SUCCESS. dag_id=youtube_pipeline_extraction, task_id=generate_json, run_id=scheduled__2026-09-17T08:00:00+00:00, execution_date=20260917T080000, start_date=20260917T092123, end_date=20260917T092124
[2026-09-17T09:21:24.360+0000] {local_task_job_runner.py:266} INFO - Task exited with return code 0
[2026-09-17T09:21:24.399+0000] {taskinstance.py:3925} INFO - 1 downstream tasks scheduled from follow-on schedule check
[2026-09-17T09:21:24.406+0000] {local_task_job_runner.py:245} INFO - ::endgroup::
[2026-09-17T10:00:10.887+0000] {local_task_job_runner.py:123} INFO - ::group::Pre task execution logs
[2026-09-17T10:00:10.927+0000] {taskinstance.py:2632} INFO - Dependencies all met for dep_context=non-requeueable deps ti=<TaskInstance: youtube_pipeline_extraction.generate_json scheduled__2026-09-17T08:00:00+00:00 [queued]>
[2026-09-17T10:00:10.944+0000] {taskinstance.py:2632} INFO - Dependencies all met for dep_context=requeueable deps ti=<TaskInstance: youtube_pipeline_extraction.generate_json scheduled__2026-09-17T08:00:00+00:00 [queued]>
[2026-09-17T10:00:10.947+0000] {taskinstance.py:2885} INFO - Starting attempt 1 of 1
[2026-09-17T10:00:10.967+0000] {taskinstance.py:2908} INFO - Executing <Task(PythonOperator): generate_json> on 2026-09-17 08:00:00+00:00
[2026-09-17T10:00:10.978+0000] {standard_task_runner.py:72} INFO - Started process 1513 to run task
[2026-09-17T10:00:10.986+0000] {standard_task_runner.py:104} INFO - Running: ['airflow', 'tasks', 'run', 'youtube_pipeline_extraction', 'generate_json', 'scheduled__2026-09-17T08:00:00+00:00', '--job-id', '78', '--raw', '--subdir', 'DAGS_FOLDER/youtube_extract_pipeline.py', '--cfg-path', '/tmp/tmpv3_ufpwe']
[2026-09-17T10:00:10.990+0000] {standard_task_runner.py:105} INFO - Job 78: Subtask generate_json
[2026-09-17T10:00:11.080+0000] {task_command.py:467} INFO - Running <TaskInstance: youtube_pipeline_extraction.generate_json scheduled__2026-09-17T08:00:00+00:00 [running]> on host 5131746b1558
[2026-09-17T10:00:11.222+0000] {taskinstance.py:3158} INFO - Exporting env vars: AIRFLOW_CTX_DAG_OWNER='airflow' AIRFLOW_CTX_DAG_ID='youtube_pipeline_extraction' AIRFLOW_CTX_TASK_ID='generate_json' AIRFLOW_CTX_EXECUTION_DATE='2026-09-17T08:00:00+00:00' AIRFLOW_CTX_TRY_NUMBER='1' AIRFLOW_CTX_DAG_RUN_ID='scheduled__2026-09-17T08:00:00+00:00'
[2026-09-17T10:00:11.226+0000] {taskinstance.py:740} INFO - ::endgroup::
[2026-09-17T10:00:11.260+0000] {python.py:240} INFO - Done. Returned value was: None
[2026-09-17T10:00:11.278+0000] {taskinstance.py:349} INFO - ::group::Post task execution logs
[2026-09-17T10:00:11.282+0000] {taskinstance.py:361} INFO - Marking task as SUCCESS. dag_id=youtube_pipeline_extraction, task_id=generate_json, run_id=scheduled__2026-09-17T08:00:00+00:00, execution_date=20260917T080000, start_date=20260917T100010, end_date=20260917T100011
[2026-09-17T10:00:11.331+0000] {local_task_job_runner.py:266} INFO - Task exited with return code 0
[2026-09-17T10:00:11.373+0000] {taskinstance.py:3925} INFO - 1 downstream tasks scheduled from follow-on schedule check
[2026-09-17T10:00:11.380+0000] {local_task_job_runner.py:245} INFO - ::endgroup::
