[2026-09-17T15:22:54.475+0000] {local_task_job_runner.py:123} INFO - ::group::Pre task execution logs
[2026-09-17T15:22:54.507+0000] {taskinstance.py:2632} INFO - Dependencies all met for dep_context=non-requeueable deps ti=<TaskInstance: youtube_warehouse_pipeline.transform_data manual__2026-09-17T15:22:45.041637+00:00 [queued]>
[2026-09-17T15:22:54.521+0000] {taskinstance.py:2632} INFO - Dependencies all met for dep_context=requeueable deps ti=<TaskInstance: youtube_warehouse_pipeline.transform_data manual__2026-09-17T15:22:45.041637+00:00 [queued]>
[2026-09-17T15:22:54.524+0000] {taskinstance.py:2885} INFO - Starting attempt 1 of 1
[2026-09-17T15:22:54.543+0000] {taskinstance.py:2908} INFO - Executing <Task(PythonOperator): transform_data> on 2026-09-17 15:22:45.041637+00:00
[2026-09-17T15:22:54.550+0000] {standard_task_runner.py:72} INFO - Started process 270 to run task
[2026-09-17T15:22:54.558+0000] {standard_task_runner.py:104} INFO - Running: ['airflow', 'tasks', 'run', 'youtube_warehouse_pipeline', 'transform_data', 'manual__2026-09-17T15:22:45.041637+00:00', '--job-id', '220', '--raw', '--subdir', 'DAGS_FOLDER/youtube_warehouse_pipeline.py', '--cfg-path', '/tmp/tmpb_x7elvk']
[2026-09-17T15:22:54.562+0000] {standard_task_runner.py:105} INFO - Job 220: Subtask transform_data
[2026-09-17T15:22:54.633+0000] {task_command.py:467} INFO - Running <TaskInstance: youtube_warehouse_pipeline.transform_data manual__2026-09-17T15:22:45.041637+00:00 [running]> on host ad2c39c062f7
[2026-09-17T15:22:54.785+0000] {taskinstance.py:3158} INFO - Exporting env vars: AIRFLOW_CTX_DAG_OWNER='airflow' AIRFLOW_CTX_DAG_ID='youtube_warehouse_pipeline' AIRFLOW_CTX_TASK_ID='transform_data' AIRFLOW_CTX_EXECUTION_DATE='2026-09-17T15:22:45.041637+00:00' AIRFLOW_CTX_TRY_NUMBER='1' AIRFLOW_CTX_DAG_RUN_ID='manual__2026-09-17T15:22:45.041637+00:00'
[2026-09-17T15:22:54.790+0000] {taskinstance.py:740} INFO - ::endgroup::
[2026-09-17T15:22:54.810+0000] {taskinstance.py:3337} ERROR - Task failed with exception
Traceback (most recent call last):
  File "/home/airflow/.local/lib/python3.10/site-packages/airflow/models/taskinstance.py", line 776, in _execute_task
    result = _execute_callable(context=context, **execute_callable_kwargs)
  File "/home/airflow/.local/lib/python3.10/site-packages/airflow/models/taskinstance.py", line 742, in _execute_callable
    return ExecutionCallableRunner(
  File "/home/airflow/.local/lib/python3.10/site-packages/airflow/utils/operator_helpers.py", line 252, in run
    return self.func(*args, **kwargs)
  File "/home/airflow/.local/lib/python3.10/site-packages/airflow/models/baseoperator.py", line 425, in wrapper
    return func(self, *args, **kwargs)
  File "/home/airflow/.local/lib/python3.10/site-packages/airflow/operators/python.py", line 238, in execute
    return_value = self.execute_callable()
  File "/home/airflow/.local/lib/python3.10/site-packages/airflow/operators/python.py", line 256, in execute_callable
    return runner.run(*self.op_args, **self.op_kwargs)
  File "/home/airflow/.local/lib/python3.10/site-packages/airflow/utils/operator_helpers.py", line 252, in run
    return self.func(*args, **kwargs)
  File "/opt/airflow/include/transform/youtube_transform.py", line 5, in transform
    raw_duration = timedelta(minutes=int(date["items"]["contentDetails"]["duration"][2:3]), seconds=int(date["items"]["contentDetails"]["duration"][4:6])).total_seconds()
KeyError: 'items'
[2026-09-17T15:22:54.860+0000] {taskinstance.py:1242} INFO - Marking task as FAILED. dag_id=youtube_warehouse_pipeline, task_id=transform_data, run_id=manual__2026-09-17T15:22:45.041637+00:00, execution_date=20260917T152245, start_date=20260917T152254, end_date=20260917T152254
[2026-09-17T15:22:54.922+0000] {taskinstance.py:349} INFO - ::group::Post task execution logs
[2026-09-17T15:22:54.926+0000] {standard_task_runner.py:124} ERROR - Failed to execute job 220 for task transform_data ('items'; 270)
Traceback (most recent call last):
  File "/home/airflow/.local/lib/python3.10/site-packages/airflow/task/task_runner/standard_task_runner.py", line 117, in _start_by_fork
    ret = args.func(args, dag=self.dag)
  File "/home/airflow/.local/lib/python3.10/site-packages/airflow/cli/cli_config.py", line 49, in command
    return func(*args, **kwargs)
  File "/home/airflow/.local/lib/python3.10/site-packages/airflow/utils/cli.py", line 116, in wrapper
    return f(*args, **kwargs)
  File "/home/airflow/.local/lib/python3.10/site-packages/airflow/cli/commands/task_command.py", line 483, in task_run
    task_return_code = _run_task_by_selected_method(args, _dag, ti)
  File "/home/airflow/.local/lib/python3.10/site-packages/airflow/cli/commands/task_command.py", line 256, in _run_task_by_selected_method
    return _run_raw_task(args, ti)
  File "/home/airflow/.local/lib/python3.10/site-packages/airflow/cli/commands/task_command.py", line 341, in _run_raw_task
    return ti._run_raw_task(
  File "/home/airflow/.local/lib/python3.10/site-packages/airflow/utils/session.py", line 97, in wrapper
    return func(*args, session=session, **kwargs)
  File "/home/airflow/.local/lib/python3.10/site-packages/airflow/models/taskinstance.py", line 3030, in _run_raw_task
    return _run_raw_task(
  File "/home/airflow/.local/lib/python3.10/site-packages/airflow/models/taskinstance.py", line 282, in _run_raw_task
    TaskInstance._execute_task_with_callbacks(
  File "/home/airflow/.local/lib/python3.10/site-packages/airflow/models/taskinstance.py", line 3185, in _execute_task_with_callbacks
    result = self._execute_task(context, task_orig)
  File "/home/airflow/.local/lib/python3.10/site-packages/airflow/models/taskinstance.py", line 3209, in _execute_task
    return _execute_task(self, context, task_orig)
  File "/home/airflow/.local/lib/python3.10/site-packages/airflow/models/taskinstance.py", line 776, in _execute_task
    result = _execute_callable(context=context, **execute_callable_kwargs)
  File "/home/airflow/.local/lib/python3.10/site-packages/airflow/models/taskinstance.py", line 742, in _execute_callable
    return ExecutionCallableRunner(
  File "/home/airflow/.local/lib/python3.10/site-packages/airflow/utils/operator_helpers.py", line 252, in run
    return self.func(*args, **kwargs)
  File "/home/airflow/.local/lib/python3.10/site-packages/airflow/models/baseoperator.py", line 425, in wrapper
    return func(self, *args, **kwargs)
  File "/home/airflow/.local/lib/python3.10/site-packages/airflow/operators/python.py", line 238, in execute
    return_value = self.execute_callable()
  File "/home/airflow/.local/lib/python3.10/site-packages/airflow/operators/python.py", line 256, in execute_callable
    return runner.run(*self.op_args, **self.op_kwargs)
  File "/home/airflow/.local/lib/python3.10/site-packages/airflow/utils/operator_helpers.py", line 252, in run
    return self.func(*args, **kwargs)
  File "/opt/airflow/include/transform/youtube_transform.py", line 5, in transform
    raw_duration = timedelta(minutes=int(date["items"]["contentDetails"]["duration"][2:3]), seconds=int(date["items"]["contentDetails"]["duration"][4:6])).total_seconds()
KeyError: 'items'
[2026-09-17T15:22:54.964+0000] {local_task_job_runner.py:266} INFO - Task exited with return code 1
[2026-09-17T15:22:55.017+0000] {taskinstance.py:3925} INFO - 0 downstream tasks scheduled from follow-on schedule check
[2026-09-17T15:22:55.033+0000] {local_task_job_runner.py:245} INFO - ::endgroup::
